<html>
  <head>
    <title>HTML Test Template</title>
  </head>
  <body>
    <div id="header">
      This is the header section of the template. It should appear regardless. Many tags can be used here:<br/><br/>
      mapext: 125000.000000 4785000.000000 789000.000000 5489000.000000<br/>       
    </div>

    <div class="layer-header">
      This is the header section of a layer/resultset section. It should appear <b>only</b> if the layer has results.
    </div>
    Itasca:ITAS 
    <div class="layer-footer">
      This is the footer section of a layer/resultset section. It should appear <b>only</b> if the layer has results.
    </div>

<div class='nodata'>layer indx_q100kpy4 had no results</div>
    <div id="footer">This is the footer section of the template. It should appear regardless.</div>
  </body>
</html>
