Content-Type: text/xml; subtype=gml/3.1.1

<?xml version='1.0' encoding='UTF-8'?>
<wfs:FeatureCollection
 xmlns:tows='http://www.tinyows.org/'
 xmlns:wfs='http://www.opengis.net/wfs'
 xmlns:xsi='http://www.w3.org/2001/XMLSchema-instance'
 xmlns:gml='http://www.opengis.net/gml'
 xmlns:xsd='http://www.w3.org/2001/XMLSchema'
 xmlns:ogc='http://www.opengis.net/ogc'
 xmlns:xlink='http://www.w3.org/1999/xlink'
 xmlns:ows='http://www.opengis.net/ows'
 xsi:schemaLocation='http://www.tinyows.org/
    http://127.0.0.1/cgi-bin/tinyows?service=WFS&amp;version=1.1.0&amp;request=DescribeFeatureType&amp;Typename=tows:eastern_point   http://www.opengis.net/wfs
   http://schemas.opengis.net/wfs/1.1.0/wfs.xsd
   http://www.opengis.net/gml
   http://schemas.opengis.net/gml/3.1.1/base/gml.xsd'
>
<gml:boundedBy>
  <gml:Envelope srsName="urn:ogc:def:crs:EPSG::4326"><gml:lowerCorner>69.145507 25.734088</gml:lowerCorner><gml:upperCorner>69.145507 25.734088</gml:upperCorner></gml:Envelope>
</gml:boundedBy>
  <gml:featureMember>
   <tows:eastern_point gml:id="eastern_point.1">
   <tows:the_geom><gml:Point srsName="urn:ogc:def:crs:EPSG::4326"><gml:pos>69.145507 25.734088</gml:pos></gml:Point></tows:the_geom>
   </tows:eastern_point>
  </gml:featureMember>
</wfs:FeatureCollection>
