Content-type: application/vnd.ogc.se_xml

<?xml version='1.0' encoding="ISO-8859-1" standalone="no" ?>
<!DOCTYPE ServiceExceptionReport SYSTEM "http://schemas.opengis.net/wms/1.1.1/exception_1_1_1.dtd">
<ServiceExceptionReport version="1.1.1">
<ServiceException>
msWMSDispatch(): WMS server error. WMS request not enabled. Check wms/ows_enable_request settings.
</ServiceException>
</ServiceExceptionReport>
