Content-type: text/xml

<?xml version="1.0" encoding="ISO-8859-1"?>
<ows:ExceptionReport xmlns:xsi="http://www.w3.org/2001/XMLSchema-instance" xmlns:ows="http://www.opengis.net/ows" version="1.0.0" language="en-US" xsi:schemaLocation="http://www.opengis.net/ows http://schemas.opengis.net/ows/1.0.0/owsExceptionReport.xsd">
  <Exception exceptionCode="InvalidParameterValue" locator="resultModel">
    <ExceptionText>msSOSGetObservation(): SOS server error. resultModel should be om:Measurement or om:Observation</ExceptionText>
  </Exception>
</ows:ExceptionReport>
