Content-type: text/xml

<?xml version="1.0" encoding="ISO-8859-1"?>
<om:ObservationCollection xmlns:gml="http://www.opengis.net/gml" xmlns:ows="http://www.opengis.net/ows/1.1" xmlns:swe="http://www.opengis.net/swe/1.0.1" xmlns:xlink="http://www.w3.org/1999/xlink" xmlns:xsi="http://www.w3.org/2001/XMLSchema-instance" xmlns:sos="http://www.opengis.net/sos/1.0" xmlns:om="http://www.opengis.net/om/1.0" gml:id="Water" xsi:schemaLocation="http://www.opengis.net/om/1.0 http://schemas.opengis.net/om/1.0.0/om.xsd">
  <gml:description xmlns:gml="http://www.opengis.net/gml">This is for water</gml:description>
  <gml:name xmlns:gml="http://www.opengis.net/gml">Water</gml:name>
  <gml:boundedBy>
    <gml:Envelope srsName="urn:ogc:crs:epsg:4326" srsDimension="2">
      <gml:lowerCorner>-141.000000 42.000000</gml:lowerCorner>
      <gml:upperCorner>-52.000000 84.000000</gml:upperCorner>
    </gml:Envelope>
  </gml:boundedBy>
  <om:member>
    <om:Observation>
      <om:samplingTime>
        <gml:TimeInstant>
          <gml:timePosition>2002-10-30T18:31:38Z</gml:timePosition>
        </gml:TimeInstant>
      </om:samplingTime>
      <om:procedure xlink:href="urn:ogc:def:procedure:35"/>
      <observedProperty>WaterQuality</observedProperty>
      <om:result>
        <gml:featureMember xmlns:gml="http://www.opengis.net/gml" gml:id="377">
          <obs>
            <gml:boundedBy>
              <gml:Envelope srsName="urn:ogc:crs:epsg:4326" srsDimension="2">
                <gml:lowerCorner>-75.000000 45.000000</gml:lowerCorner>
                <gml:upperCorner>-75.000000 45.000000</gml:upperCorner>
              </gml:Envelope>
            </gml:boundedBy>
            <msGeometry>
              <gml:Point srsName="urn:ogc:crs:epsg:4326" srsDimension="2">
                <gml:pos>-75.000000 45.000000</gml:pos>
              </gml:Point>
            </msGeometry>
            <Value>93.9</Value>
          </obs>
        </gml:featureMember>
      </om:result>
    </om:Observation>
  </om:member>
  <om:member>
    <om:Observation>
      <om:samplingTime>
        <gml:TimeInstant>
          <gml:timePosition>2000-10-30T18:24:39Z</gml:timePosition>
        </gml:TimeInstant>
      </om:samplingTime>
      <om:procedure xlink:href="urn:ogc:def:procedure:604"/>
      <observedProperty>WaterQuality</observedProperty>
      <om:result>
        <gml:featureMember xmlns:gml="http://www.opengis.net/gml" gml:id="964">
          <obs>
            <gml:boundedBy>
              <gml:Envelope srsName="urn:ogc:crs:epsg:4326" srsDimension="2">
                <gml:lowerCorner>-122.000000 49.000000</gml:lowerCorner>
                <gml:upperCorner>-122.000000 49.000000</gml:upperCorner>
              </gml:Envelope>
            </gml:boundedBy>
            <msGeometry>
              <gml:Point srsName="urn:ogc:crs:epsg:4326" srsDimension="2">
                <gml:pos>-122.000000 49.000000</gml:pos>
              </gml:Point>
            </msGeometry>
            <Value>99.9</Value>
          </obs>
        </gml:featureMember>
      </om:result>
    </om:Observation>
  </om:member>
</om:ObservationCollection>
