Content-type: application/vnd.ogc.se_xml

<?xml version='1.0' encoding="ISO-8859-1" ?>
<ServiceExceptionReport version="1.2.0"
xmlns="http://www.opengis.net/ogc" xmlns:xsi="http://www.w3.org/2001/XMLSchema-instance" xsi:schemaLocation="http://www.opengis.net/ogc http://schemas.opengis.net/wcs/1.0.0/OGC-exception.xsd">
  <ServiceException code="InvalidParameterValue" locator="version">msOWSParseVersionString(): OWS error. Invalid version (99). Version must be in the format &#39;x.y&#39; or &#39;x.y.z&#39;
msOWSParseVersionString(): OWS error. Invalid version (99). Version must be in the format &#39;x.y&#39; or &#39;x.y.z&#39;
msWCSDispatch(): WCS server error. WCS Server does not support VERSION 99.
  </ServiceException>
</ServiceExceptionReport>
