<?xml version="1.0" encoding="ISO-8859-1"?>
<ows:ExceptionReport xmlns:ows="http://www.opengis.net/ows/2.0" xmlns:xsi="http://www.w3.org/2001/XMLSchema-instance" version="2.0.0" xml:lang="en-US" xsi:schemaLocation="http://www.opengis.net/ows/2.0 http://schemas.opengis.net/ows/2.0/owsExceptionReport.xsd">
  <ows:Exception exceptionCode="InvalidParameterValue" locator="size">
    <ows:ExceptionText>msWCSGetCoverage20(): WCS server error. Raster size out of range, width and height of resulting coverage must be no more than MAXSIZE=5000.</ows:ExceptionText>
  </ows:Exception>
</ows:ExceptionReport>
