Content-type: application/vnd.ogc.se_xml

<?xml version='1.0' encoding="ISO-8859-1" ?>
<ServiceExceptionReport version="1.2.0"
xmlns="http://www.opengis.net/ogc" xmlns:xsi="http://www.w3.org/2001/XMLSchema-instance" xsi:schemaLocation="http://www.opengis.net/ogc http://schemas.opengis.net/wcs/1.0.0/OGC-exception.xsd">
  <ServiceException code="InvalidParameterValue" locator="width/height">msWCSGetCoverage(): WCS server error. Raster size out of range, width and height of resulting coverage must be no more than MAXSIZE=5000.
  </ServiceException>
</ServiceExceptionReport>
