Content-type: text/xml

<?xml version="1.0" encoding="ISO-8859-1"?>
<ows:ExceptionReport xmlns:xsi="http://www.w3.org/2001/XMLSchema-instance" xmlns:ows="http://www.opengis.net/ows" version="1.1.0" language="en-US" xsi:schemaLocation="http://www.opengis.net/ows http://schemas.opengis.net/ows/1.0.0/owsExceptionReport.xsd">
  <ows:Exception exceptionCode="CurrentUpdateSequence" locator="updatesequence">
    <ows:ExceptionText>msWFSGetCapabilities11(): WFS server error. UPDATESEQUENCE parameter (123) is equal to server (123)</ows:ExceptionText>
  </ows:Exception>
</ows:ExceptionReport>
