Content-type: text/xml

<?xml version='1.0' encoding="ISO-8859-1" ?>
<wfs:FeatureCollection
   xmlns:ms="http://mapserver.gis.umn.edu/mapserver"
   xmlns:gml="http://www.opengis.net/gml"
   xmlns:wfs="http://www.opengis.net/wfs"
   xmlns:ogc="http://www.opengis.net/ogc"
   xmlns:xsi="http://www.w3.org/2001/XMLSchema-instance"
   xsi:schemaLocation="http://mapserver.gis.umn.edu/mapserver http://localhost/path/to/wfs_simple?SERVICE=WFS&amp;VERSION=1.1.0&amp;REQUEST=DescribeFeatureType&amp;TYPENAME=province&amp;OUTPUTFORMAT=text/xml; subtype=gml/3.1.1  http://www.opengis.net/wfs http://schemas.opengis.net/wfs/1.1.0/wfs.xsd" numberOfFeatures="2">
      <gml:boundedBy>
      	<gml:Envelope srsName="EPSG:4326">
      		<gml:lowerCorner>-66.432672 43.412311</gml:lowerCorner>
      		<gml:upperCorner>-59.709694 47.796447</gml:upperCorner>
      	</gml:Envelope>
      </gml:boundedBy>
    <gml:featureMember>
      <ms:province gml:id="province.Quebec">
        <gml:boundedBy>
        	<gml:Envelope srsName="EPSG:4326">
        		<gml:lowerCorner>-61.510511 47.767892</gml:lowerCorner>
        		<gml:upperCorner>-61.457648 47.796447</gml:upperCorner>
        	</gml:Envelope>
        </gml:boundedBy>
        <ms:msGeometry>
          <gml:Polygon srsName="EPSG:4326">
            <gml:exterior>
              <gml:LinearRing>
                <gml:posList srsDimension="2">-61.510511 47.774240 -61.508947 47.788606 -61.492725 47.796447 -61.457648 47.787438 -61.459987 47.767892 -61.483502 47.769615 -61.510511 47.774240 </gml:posList>
              </gml:LinearRing>
            </gml:exterior>
          </gml:Polygon>
        </ms:msGeometry>
      </ms:province>
    </gml:featureMember>
    <gml:featureMember>
      <ms:province gml:id="province.Nova Scotia">
        <gml:boundedBy>
        	<gml:Envelope srsName="EPSG:4326">
        		<gml:lowerCorner>-60.211728 47.166385</gml:lowerCorner>
        		<gml:upperCorner>-60.168776 47.192716</gml:upperCorner>
        	</gml:Envelope>
        </gml:boundedBy>
        <ms:msGeometry>
          <gml:Polygon srsName="EPSG:4326">
            <gml:exterior>
              <gml:LinearRing>
                <gml:posList srsDimension="2">-60.204850 47.166385 -60.211728 47.179857 -60.194354 47.192716 -60.173448 47.187638 -60.168776 47.174965 -60.204850 47.166385 </gml:posList>
              </gml:LinearRing>
            </gml:exterior>
          </gml:Polygon>
        </ms:msGeometry>
      </ms:province>
    </gml:featureMember>
</wfs:FeatureCollection>

