Content-type: text/xml

<?xml version='1.0' encoding="ISO-8859-1" ?>
<wfs:FeatureCollection
   xmlns="http://www.ttt.org/myns"
   xmlns:myns="http://www.ttt.org/myns"
   xmlns:wfs="http://www.opengis.net/wfs"
   xmlns:gml="http://www.opengis.net/gml"
   xmlns:ogc="http://www.opengis.net/ogc"
   xmlns:xsi="http://www.w3.org/2001/XMLSchema-instance"
   xsi:schemaLocation="http://www.opengis.net/wfs http://ogc.dmsolutions.ca/wfs/1.0.0/WFS-basic.xsd 
                       http://www.ttt.org/myns http://localhost/path/to/wfs_simple?SERVICE=WFS&amp;VERSION=1.0.0&amp;REQUEST=DescribeFeatureType&amp;TYPENAME=popplace">
      <gml:boundedBy>
      	<gml:Box srsName="EPSG:4269">
      		<gml:coordinates>2279399.000000,-55344.503906 2600377.000000,461586.812500</gml:coordinates>
      	</gml:Box>
      </gml:boundedBy>
    <gml:featureMember>
      <popplace>
        <gml:boundedBy>
        	<gml:Box srsName="EPSG:4269">
        		<gml:coordinates>2281604.250000,340848.937500 2281604.250000,340848.937500</gml:coordinates>
        	</gml:Box>
        </gml:boundedBy>
        <gml:pointProperty>
          <gml:Point srsName="EPSG:4269">
          	<gml:coordinates>-64.052355,46.980843</gml:coordinates>
          </gml:Point>
        </gml:pointProperty>
        <AREA>0.000</AREA>
        <PERIMETER>0.000</PERIMETER>
        <POPPLACE_>8</POPPLACE_>
        <POPPLACE_I>1</POPPLACE_I>
        <UNIQUE_KEY>BACMK</UNIQUE_KEY>
        <NAME>Tignish</NAME>
        <NAME_E></NAME_E>
        <NAME_F></NAME_F>
        <UNIQUE_K_1></UNIQUE_K_1>
        <UNIQUE_K_2></UNIQUE_K_2>
        <REG_CODE>11</REG_CODE>
        <NTS50>021I16</NTS50>
        <LAT>465700</LAT>
        <LONG>640200</LONG>
        <SGC_CODE>0</SGC_CODE>
        <CAPITAL>0</CAPITAL>
        <POP_RANGE>1</POP_RANGE>
      </popplace>
    </gml:featureMember>
    <gml:featureMember>
      <popplace>
        <gml:boundedBy>
        	<gml:Box srsName="EPSG:4269">
        		<gml:coordinates>2503805.500000,427872.656250 2503805.500000,427872.656250</gml:coordinates>
        	</gml:Box>
        </gml:boundedBy>
        <gml:pointProperty>
          <gml:Point srsName="EPSG:4269">
          	<gml:coordinates>-60.981038,46.689323</gml:coordinates>
          </gml:Point>
        </gml:pointProperty>
        <AREA>0.000</AREA>
        <PERIMETER>0.000</PERIMETER>
        <POPPLACE_>9</POPPLACE_>
        <POPPLACE_I>1</POPPLACE_I>
        <UNIQUE_KEY>CAGYX</UNIQUE_KEY>
        <NAME>Cheticamp</NAME>
        <NAME_E></NAME_E>
        <NAME_F></NAME_F>
        <UNIQUE_K_1></UNIQUE_K_1>
        <UNIQUE_K_2></UNIQUE_K_2>
        <REG_CODE>12</REG_CODE>
        <NTS50>011K11</NTS50>
        <LAT>463800</LAT>
        <LONG>610100</LONG>
        <SGC_CODE>1215011</SGC_CODE>
        <CAPITAL>0</CAPITAL>
        <POP_RANGE>2</POP_RANGE>
      </popplace>
    </gml:featureMember>
    <gml:featureMember>
      <popplace>
        <gml:boundedBy>
        	<gml:Box srsName="EPSG:4269">
        		<gml:coordinates>2499190.000000,194088.234375 2499190.000000,194088.234375</gml:coordinates>
        	</gml:Box>
        </gml:boundedBy>
        <gml:pointProperty>
          <gml:Point srsName="EPSG:4269">
          	<gml:coordinates>-62.513078,44.911800</gml:coordinates>
          </gml:Point>
        </gml:pointProperty>
        <AREA>0.000</AREA>
        <PERIMETER>0.000</PERIMETER>
        <POPPLACE_>10</POPPLACE_>
        <POPPLACE_I>1</POPPLACE_I>
        <UNIQUE_KEY>CBIKA</UNIQUE_KEY>
        <NAME>Sheet Harbour</NAME>
        <NAME_E></NAME_E>
        <NAME_F></NAME_F>
        <UNIQUE_K_1></UNIQUE_K_1>
        <UNIQUE_K_2></UNIQUE_K_2>
        <REG_CODE>12</REG_CODE>
        <NTS50>011D15</NTS50>
        <LAT>445500</LAT>
        <LONG>623200</LONG>
        <SGC_CODE>1209036</SGC_CODE>
        <CAPITAL>0</CAPITAL>
        <POP_RANGE>2</POP_RANGE>
      </popplace>
    </gml:featureMember>
    <gml:featureMember>
      <popplace>
        <gml:boundedBy>
        	<gml:Box srsName="EPSG:4269">
        		<gml:coordinates>2434957.000000,347013.593750 2434957.000000,347013.593750</gml:coordinates>
        	</gml:Box>
        </gml:boundedBy>
        <gml:pointProperty>
          <gml:Point srsName="EPSG:4269">
          	<gml:coordinates>-62.272430,46.373272</gml:coordinates>
          </gml:Point>
        </gml:pointProperty>
        <AREA>0.000</AREA>
        <PERIMETER>0.000</PERIMETER>
        <POPPLACE_>109</POPPLACE_>
        <POPPLACE_I>2</POPPLACE_I>
        <UNIQUE_KEY>BACII</UNIQUE_KEY>
        <NAME>Souris</NAME>
        <NAME_E></NAME_E>
        <NAME_F></NAME_F>
        <UNIQUE_K_1></UNIQUE_K_1>
        <UNIQUE_K_2></UNIQUE_K_2>
        <REG_CODE>11</REG_CODE>
        <NTS50>011L08</NTS50>
        <LAT>462100</LAT>
        <LONG>621500</LONG>
        <SGC_CODE>1101036</SGC_CODE>
        <CAPITAL>0</CAPITAL>
        <POP_RANGE>2</POP_RANGE>
      </popplace>
    </gml:featureMember>
    <gml:featureMember>
      <popplace>
        <gml:boundedBy>
        	<gml:Box srsName="EPSG:4269">
        		<gml:coordinates>2578914.250000,292073.093750 2578914.250000,292073.093750</gml:coordinates>
        	</gml:Box>
        </gml:boundedBy>
        <gml:pointProperty>
          <gml:Point srsName="EPSG:4269">
          	<gml:coordinates>-61.038743,45.311286</gml:coordinates>
          </gml:Point>
        </gml:pointProperty>
        <AREA>0.000</AREA>
        <PERIMETER>0.000</PERIMETER>
        <POPPLACE_>110</POPPLACE_>
        <POPPLACE_I>2</POPPLACE_I>
        <UNIQUE_KEY>CAGBW</UNIQUE_KEY>
        <NAME>Canso</NAME>
        <NAME_E></NAME_E>
        <NAME_F></NAME_F>
        <UNIQUE_K_1></UNIQUE_K_1>
        <UNIQUE_K_2></UNIQUE_K_2>
        <REG_CODE>12</REG_CODE>
        <NTS50>011F07</NTS50>
        <LAT>452000</LAT>
        <LONG>610000</LONG>
        <SGC_CODE>1213006</SGC_CODE>
        <CAPITAL>0</CAPITAL>
        <POP_RANGE>2</POP_RANGE>
      </popplace>
    </gml:featureMember>
    <gml:featureMember>
      <popplace>
        <gml:boundedBy>
        	<gml:Box srsName="EPSG:4269">
        		<gml:coordinates>2536072.750000,311524.968750 2536072.750000,311524.968750</gml:coordinates>
        	</gml:Box>
        </gml:boundedBy>
        <gml:pointProperty>
          <gml:Point srsName="EPSG:4269">
          	<gml:coordinates>-61.379977,45.652307</gml:coordinates>
          </gml:Point>
        </gml:pointProperty>
        <AREA>0.000</AREA>
        <PERIMETER>0.000</PERIMETER>
        <POPPLACE_>111</POPPLACE_>
        <POPPLACE_I>2</POPPLACE_I>
        <UNIQUE_KEY>CBELL</UNIQUE_KEY>
        <NAME>Port Hawkesbury</NAME>
        <NAME_E></NAME_E>
        <NAME_F></NAME_F>
        <UNIQUE_K_1></UNIQUE_K_1>
        <UNIQUE_K_2></UNIQUE_K_2>
        <REG_CODE>12</REG_CODE>
        <NTS50>011F11</NTS50>
        <LAT>453700</LAT>
        <LONG>612100</LONG>
        <SGC_CODE>1215002</SGC_CODE>
        <CAPITAL>0</CAPITAL>
        <POP_RANGE>2</POP_RANGE>
      </popplace>
    </gml:featureMember>
    <gml:featureMember>
      <popplace>
        <gml:boundedBy>
        	<gml:Box srsName="EPSG:4269">
        		<gml:coordinates>2494520.000000,285855.406250 2494520.000000,285855.406250</gml:coordinates>
        	</gml:Box>
        </gml:boundedBy>
        <gml:pointProperty>
          <gml:Point srsName="EPSG:4269">
          	<gml:coordinates>-61.997375,45.639459</gml:coordinates>
          </gml:Point>
        </gml:pointProperty>
        <AREA>0.000</AREA>
        <PERIMETER>0.000</PERIMETER>
        <POPPLACE_>112</POPPLACE_>
        <POPPLACE_I>2</POPPLACE_I>
        <UNIQUE_KEY>CAATB</UNIQUE_KEY>
        <NAME>Antigonish</NAME>
        <NAME_E></NAME_E>
        <NAME_F></NAME_F>
        <UNIQUE_K_1></UNIQUE_K_1>
        <UNIQUE_K_2></UNIQUE_K_2>
        <REG_CODE>12</REG_CODE>
        <NTS50>011F12</NTS50>
        <LAT>453700</LAT>
        <LONG>620000</LONG>
        <SGC_CODE>1214002</SGC_CODE>
        <CAPITAL>0</CAPITAL>
        <POP_RANGE>2</POP_RANGE>
      </popplace>
    </gml:featureMember>
    <gml:featureMember>
      <popplace>
        <gml:boundedBy>
        	<gml:Box srsName="EPSG:4269">
        		<gml:coordinates>2348711.750000,204294.062500 2348711.750000,204294.062500</gml:coordinates>
        	</gml:Box>
        </gml:boundedBy>
        <gml:pointProperty>
          <gml:Point srsName="EPSG:4269">
          	<gml:coordinates>-64.109628,45.627963</gml:coordinates>
          </gml:Point>
        </gml:pointProperty>
        <AREA>0.000</AREA>
        <PERIMETER>0.000</PERIMETER>
        <POPPLACE_>113</POPPLACE_>
        <POPPLACE_I>2</POPPLACE_I>
        <UNIQUE_KEY>CBKDH</UNIQUE_KEY>
        <NAME>Springhill</NAME>
        <NAME_E></NAME_E>
        <NAME_F></NAME_F>
        <UNIQUE_K_1></UNIQUE_K_1>
        <UNIQUE_K_2></UNIQUE_K_2>
        <REG_CODE>12</REG_CODE>
        <NTS50>021H09</NTS50>
        <LAT>453900</LAT>
        <LONG>640300</LONG>
        <SGC_CODE>1211008</SGC_CODE>
        <CAPITAL>0</CAPITAL>
        <POP_RANGE>2</POP_RANGE>
      </popplace>
    </gml:featureMember>
    <gml:featureMember>
      <popplace>
        <gml:boundedBy>
        	<gml:Box srsName="EPSG:4269">
        		<gml:coordinates>2377598.000000,135734.703125 2377598.000000,135734.703125</gml:coordinates>
        	</gml:Box>
        </gml:boundedBy>
        <gml:pointProperty>
          <gml:Point srsName="EPSG:4269">
          	<gml:coordinates>-64.190057,44.971547</gml:coordinates>
          </gml:Point>
        </gml:pointProperty>
        <AREA>0.000</AREA>
        <PERIMETER>0.000</PERIMETER>
        <POPPLACE_>114</POPPLACE_>
        <POPPLACE_I>2</POPPLACE_I>
        <UNIQUE_KEY>CBPAK</UNIQUE_KEY>
        <NAME>Windsor</NAME>
        <NAME_E></NAME_E>
        <NAME_F></NAME_F>
        <UNIQUE_K_1></UNIQUE_K_1>
        <UNIQUE_K_2></UNIQUE_K_2>
        <REG_CODE>12</REG_CODE>
        <NTS50>021A16</NTS50>
        <LAT>445900</LAT>
        <LONG>640800</LONG>
        <SGC_CODE>1208002</SGC_CODE>
        <CAPITAL>0</CAPITAL>
        <POP_RANGE>2</POP_RANGE>
      </popplace>
    </gml:featureMember>
    <gml:featureMember>
      <popplace>
        <gml:boundedBy>
        	<gml:Box srsName="EPSG:4269">
        		<gml:coordinates>2398677.250000,70608.140625 2398677.250000,70608.140625</gml:coordinates>
        	</gml:Box>
        </gml:boundedBy>
        <gml:pointProperty>
          <gml:Point srsName="EPSG:4269">
          	<gml:coordinates>-64.333577,44.375794</gml:coordinates>
          </gml:Point>
        </gml:pointProperty>
        <AREA>0.000</AREA>
        <PERIMETER>0.000</PERIMETER>
        <POPPLACE_>115</POPPLACE_>
        <POPPLACE_I>2</POPPLACE_I>
        <UNIQUE_KEY>CAWAZ</UNIQUE_KEY>
        <NAME>Lunenburg</NAME>
        <NAME_E></NAME_E>
        <NAME_F></NAME_F>
        <UNIQUE_K_1></UNIQUE_K_1>
        <UNIQUE_K_2></UNIQUE_K_2>
        <REG_CODE>12</REG_CODE>
        <NTS50>021A08</NTS50>
        <LAT>442300</LAT>
        <LONG>641900</LONG>
        <SGC_CODE>1206006</SGC_CODE>
        <CAPITAL>0</CAPITAL>
        <POP_RANGE>2</POP_RANGE>
      </popplace>
    </gml:featureMember>
    <gml:featureMember>
      <popplace>
        <gml:boundedBy>
        	<gml:Box srsName="EPSG:4269">
        		<gml:coordinates>2388340.000000,19784.322266 2388340.000000,19784.322266</gml:coordinates>
        	</gml:Box>
        </gml:boundedBy>
        <gml:pointProperty>
          <gml:Point srsName="EPSG:4269">
          	<gml:coordinates>-64.732816,44.020359</gml:coordinates>
          </gml:Point>
        </gml:pointProperty>
        <AREA>0.000</AREA>
        <PERIMETER>0.000</PERIMETER>
        <POPPLACE_>116</POPPLACE_>
        <POPPLACE_I>2</POPPLACE_I>
        <UNIQUE_KEY>CAUWZ</UNIQUE_KEY>
        <NAME>Liverpool</NAME>
        <NAME_E></NAME_E>
        <NAME_F></NAME_F>
        <UNIQUE_K_1></UNIQUE_K_1>
        <UNIQUE_K_2></UNIQUE_K_2>
        <REG_CODE>12</REG_CODE>
        <NTS50>021A02</NTS50>
        <LAT>440200</LAT>
        <LONG>644300</LONG>
        <SGC_CODE>1204006</SGC_CODE>
        <CAPITAL>0</CAPITAL>
        <POP_RANGE>2</POP_RANGE>
      </popplace>
    </gml:featureMember>
    <gml:featureMember>
      <popplace>
        <gml:boundedBy>
        	<gml:Box srsName="EPSG:4269">
        		<gml:coordinates>2313364.750000,98278.921875 2313364.750000,98278.921875</gml:coordinates>
        	</gml:Box>
        </gml:boundedBy>
        <gml:pointProperty>
          <gml:Point srsName="EPSG:4269">
          	<gml:coordinates>-65.114828,44.938161</gml:coordinates>
          </gml:Point>
        </gml:pointProperty>
        <AREA>0.000</AREA>
        <PERIMETER>0.000</PERIMETER>
        <POPPLACE_>117</POPPLACE_>
        <POPPLACE_I>2</POPPLACE_I>
        <UNIQUE_KEY>CAZHC</UNIQUE_KEY>
        <NAME>Middleton</NAME>
        <NAME_E></NAME_E>
        <NAME_F></NAME_F>
        <UNIQUE_K_1></UNIQUE_K_1>
        <UNIQUE_K_2></UNIQUE_K_2>
        <REG_CODE>12</REG_CODE>
        <NTS50>021A14</NTS50>
        <LAT>445700</LAT>
        <LONG>650400</LONG>
        <SGC_CODE>1205016</SGC_CODE>
        <CAPITAL>0</CAPITAL>
        <POP_RANGE>2</POP_RANGE>
      </popplace>
    </gml:featureMember>
    <gml:featureMember>
      <popplace>
        <gml:boundedBy>
        	<gml:Box srsName="EPSG:4269">
        		<gml:coordinates>2279399.000000,39858.000000 2279399.000000,39858.000000</gml:coordinates>
        	</gml:Box>
        </gml:boundedBy>
        <gml:pointProperty>
          <gml:Point srsName="EPSG:4269">
          	<gml:coordinates>-65.816024,44.611049</gml:coordinates>
          </gml:Point>
        </gml:pointProperty>
        <AREA>0.000</AREA>
        <PERIMETER>0.000</PERIMETER>
        <POPPLACE_>118</POPPLACE_>
        <POPPLACE_I>2</POPPLACE_I>
        <UNIQUE_KEY>CAJOA</UNIQUE_KEY>
        <NAME>Digby</NAME>
        <NAME_E></NAME_E>
        <NAME_F></NAME_F>
        <UNIQUE_K_1></UNIQUE_K_1>
        <UNIQUE_K_2></UNIQUE_K_2>
        <REG_CODE>12</REG_CODE>
        <NTS50>021A12</NTS50>
        <LAT>443700</LAT>
        <LONG>654600</LONG>
        <SGC_CODE>1203006</SGC_CODE>
        <CAPITAL>0</CAPITAL>
        <POP_RANGE>2</POP_RANGE>
      </popplace>
    </gml:featureMember>
    <gml:featureMember>
      <popplace>
        <gml:boundedBy>
        	<gml:Box srsName="EPSG:4269">
        		<gml:coordinates>2359906.500000,-30454.435547 2359906.500000,-30454.435547</gml:coordinates>
        	</gml:Box>
        </gml:boundedBy>
        <gml:pointProperty>
          <gml:Point srsName="EPSG:4269">
          	<gml:coordinates>-65.318371,43.740118</gml:coordinates>
          </gml:Point>
        </gml:pointProperty>
        <AREA>0.000</AREA>
        <PERIMETER>0.000</PERIMETER>
        <POPPLACE_>119</POPPLACE_>
        <POPPLACE_I>2</POPPLACE_I>
        <UNIQUE_KEY>CBIKP</UNIQUE_KEY>
        <NAME>Shelburne</NAME>
        <NAME_E></NAME_E>
        <NAME_F></NAME_F>
        <UNIQUE_K_1></UNIQUE_K_1>
        <UNIQUE_K_2></UNIQUE_K_2>
        <REG_CODE>12</REG_CODE>
        <NTS50>020P14</NTS50>
        <LAT>434600</LAT>
        <LONG>651900</LONG>
        <SGC_CODE>1201008</SGC_CODE>
        <CAPITAL>0</CAPITAL>
        <POP_RANGE>2</POP_RANGE>
      </popplace>
    </gml:featureMember>
    <gml:featureMember>
      <popplace>
        <gml:boundedBy>
        	<gml:Box srsName="EPSG:4269">
        		<gml:coordinates>2325561.750000,294362.250000 2325561.750000,294362.250000</gml:coordinates>
        	</gml:Box>
        </gml:boundedBy>
        <gml:pointProperty>
          <gml:Point srsName="EPSG:4269">
          	<gml:coordinates>-63.831979,46.431271</gml:coordinates>
          </gml:Point>
        </gml:pointProperty>
        <AREA>0.000</AREA>
        <PERIMETER>0.000</PERIMETER>
        <POPPLACE_>262</POPPLACE_>
        <POPPLACE_I>3</POPPLACE_I>
        <UNIQUE_KEY>BADSZ</UNIQUE_KEY>
        <NAME>Summerside</NAME>
        <NAME_E></NAME_E>
        <NAME_F></NAME_F>
        <UNIQUE_K_1></UNIQUE_K_1>
        <UNIQUE_K_2></UNIQUE_K_2>
        <REG_CODE>11</REG_CODE>
        <NTS50>011L05</NTS50>
        <LAT>462345</LAT>
        <LONG>634720</LONG>
        <SGC_CODE>1103025</SGC_CODE>
        <CAPITAL>0</CAPITAL>
        <POP_RANGE>3</POP_RANGE>
      </popplace>
    </gml:featureMember>
    <gml:featureMember>
      <popplace>
        <gml:boundedBy>
        	<gml:Box srsName="EPSG:4269">
        		<gml:coordinates>2600377.000000,419421.718750 2600377.000000,419421.718750</gml:coordinates>
        	</gml:Box>
        </gml:boundedBy>
        <gml:pointProperty>
          <gml:Point srsName="EPSG:4269">
          	<gml:coordinates>-59.972676,46.180945</gml:coordinates>
          </gml:Point>
        </gml:pointProperty>
        <AREA>0.000</AREA>
        <PERIMETER>0.000</PERIMETER>
        <POPPLACE_>263</POPPLACE_>
        <POPPLACE_I>3</POPPLACE_I>
        <UNIQUE_KEY>CBQFA</UNIQUE_KEY>
        <NAME>Glace Bay</NAME>
        <NAME_E></NAME_E>
        <NAME_F></NAME_F>
        <UNIQUE_K_1></UNIQUE_K_1>
        <UNIQUE_K_2></UNIQUE_K_2>
        <REG_CODE>12</REG_CODE>
        <NTS50>011J04</NTS50>
        <LAT>461200</LAT>
        <LONG>595700</LONG>
        <SGC_CODE>1217009</SGC_CODE>
        <CAPITAL>0</CAPITAL>
        <POP_RANGE>3</POP_RANGE>
      </popplace>
    </gml:featureMember>
    <gml:featureMember>
      <popplace>
        <gml:boundedBy>
        	<gml:Box srsName="EPSG:4269">
        		<gml:coordinates>2449341.500000,253906.093750 2449341.500000,253906.093750</gml:coordinates>
        	</gml:Box>
        </gml:boundedBy>
        <gml:pointProperty>
          <gml:Point srsName="EPSG:4269">
          	<gml:coordinates>-62.693006,45.589422</gml:coordinates>
          </gml:Point>
        </gml:pointProperty>
        <AREA>0.000</AREA>
        <PERIMETER>0.000</PERIMETER>
        <POPPLACE_>264</POPPLACE_>
        <POPPLACE_I>3</POPPLACE_I>
        <UNIQUE_KEY>CBBJR</UNIQUE_KEY>
        <NAME>New Glasgow</NAME>
        <NAME_E></NAME_E>
        <NAME_F></NAME_F>
        <UNIQUE_K_1></UNIQUE_K_1>
        <UNIQUE_K_2></UNIQUE_K_2>
        <REG_CODE>12</REG_CODE>
        <NTS50>011E10</NTS50>
        <LAT>453500</LAT>
        <LONG>623900</LONG>
        <SGC_CODE>1212014</SGC_CODE>
        <CAPITAL>0</CAPITAL>
        <POP_RANGE>3</POP_RANGE>
      </popplace>
    </gml:featureMember>
    <gml:featureMember>
      <popplace>
        <gml:boundedBy>
        	<gml:Box srsName="EPSG:4269">
        		<gml:coordinates>2418051.500000,205002.203125 2418051.500000,205002.203125</gml:coordinates>
        	</gml:Box>
        </gml:boundedBy>
        <gml:pointProperty>
          <gml:Point srsName="EPSG:4269">
          	<gml:coordinates>-63.335193,45.343302</gml:coordinates>
          </gml:Point>
        </gml:pointProperty>
        <AREA>0.000</AREA>
        <PERIMETER>0.000</PERIMETER>
        <POPPLACE_>265</POPPLACE_>
        <POPPLACE_I>3</POPPLACE_I>
        <UNIQUE_KEY>CBMKT</UNIQUE_KEY>
        <NAME>Truro</NAME>
        <NAME_E></NAME_E>
        <NAME_F></NAME_F>
        <UNIQUE_K_1></UNIQUE_K_1>
        <UNIQUE_K_2></UNIQUE_K_2>
        <REG_CODE>12</REG_CODE>
        <NTS50>011E06</NTS50>
        <LAT>452200</LAT>
        <LONG>631600</LONG>
        <SGC_CODE>1210006</SGC_CODE>
        <CAPITAL>0</CAPITAL>
        <POP_RANGE>3</POP_RANGE>
      </popplace>
    </gml:featureMember>
    <gml:featureMember>
      <popplace>
        <gml:boundedBy>
        	<gml:Box srsName="EPSG:4269">
        		<gml:coordinates>2329295.750000,218397.281250 2329295.750000,218397.281250</gml:coordinates>
        	</gml:Box>
        </gml:boundedBy>
        <gml:pointProperty>
          <gml:Point srsName="EPSG:4269">
          	<gml:coordinates>-64.244044,45.818949</gml:coordinates>
          </gml:Point>
        </gml:pointProperty>
        <AREA>0.000</AREA>
        <PERIMETER>0.000</PERIMETER>
        <POPPLACE_>266</POPPLACE_>
        <POPPLACE_I>3</POPPLACE_I>
        <UNIQUE_KEY>CAAOO</UNIQUE_KEY>
        <NAME>Amherst</NAME>
        <NAME_E></NAME_E>
        <NAME_F></NAME_F>
        <UNIQUE_K_1></UNIQUE_K_1>
        <UNIQUE_K_2></UNIQUE_K_2>
        <REG_CODE>12</REG_CODE>
        <NTS50>021H16</NTS50>
        <LAT>455000</LAT>
        <LONG>641200</LONG>
        <SGC_CODE>1211011</SGC_CODE>
        <CAPITAL>0</CAPITAL>
        <POP_RANGE>3</POP_RANGE>
      </popplace>
    </gml:featureMember>
    <gml:featureMember>
      <popplace>
        <gml:boundedBy>
        	<gml:Box srsName="EPSG:4269">
        		<gml:coordinates>2345781.250000,130999.546875 2345781.250000,130999.546875</gml:coordinates>
        	</gml:Box>
        </gml:boundedBy>
        <gml:pointProperty>
          <gml:Point srsName="EPSG:4269">
          	<gml:coordinates>-64.569074,45.064729</gml:coordinates>
          </gml:Point>
        </gml:pointProperty>
        <AREA>0.000</AREA>
        <PERIMETER>0.000</PERIMETER>
        <POPPLACE_>267</POPPLACE_>
        <POPPLACE_I>3</POPPLACE_I>
        <UNIQUE_KEY>CASWE</UNIQUE_KEY>
        <NAME>Kentville</NAME>
        <NAME_E></NAME_E>
        <NAME_F></NAME_F>
        <UNIQUE_K_1></UNIQUE_K_1>
        <UNIQUE_K_2></UNIQUE_K_2>
        <REG_CODE>12</REG_CODE>
        <NTS50>021H01</NTS50>
        <LAT>450500</LAT>
        <LONG>643000</LONG>
        <SGC_CODE>1207012</SGC_CODE>
        <CAPITAL>0</CAPITAL>
        <POP_RANGE>3</POP_RANGE>
      </popplace>
    </gml:featureMember>
    <gml:featureMember>
      <popplace>
        <gml:boundedBy>
        	<gml:Box srsName="EPSG:4269">
        		<gml:coordinates>2382666.750000,60910.937500 2382666.750000,60910.937500</gml:coordinates>
        	</gml:Box>
        </gml:boundedBy>
        <gml:pointProperty>
          <gml:Point srsName="EPSG:4269">
          	<gml:coordinates>-64.563218,44.365195</gml:coordinates>
          </gml:Point>
        </gml:pointProperty>
        <AREA>0.000</AREA>
        <PERIMETER>0.000</PERIMETER>
        <POPPLACE_>268</POPPLACE_>
        <POPPLACE_I>3</POPPLACE_I>
        <UNIQUE_KEY>CAFBR</UNIQUE_KEY>
        <NAME>Bridgewater</NAME>
        <NAME_E></NAME_E>
        <NAME_F></NAME_F>
        <UNIQUE_K_1></UNIQUE_K_1>
        <UNIQUE_K_2></UNIQUE_K_2>
        <REG_CODE>12</REG_CODE>
        <NTS50>021A07</NTS50>
        <LAT>442300</LAT>
        <LONG>643100</LONG>
        <SGC_CODE>1206004</SGC_CODE>
        <CAPITAL>0</CAPITAL>
        <POP_RANGE>3</POP_RANGE>
      </popplace>
    </gml:featureMember>
    <gml:featureMember>
      <popplace>
        <gml:boundedBy>
        	<gml:Box srsName="EPSG:4269">
        		<gml:coordinates>2294923.750000,-55344.503906 2294923.750000,-55344.503906</gml:coordinates>
        	</gml:Box>
        </gml:boundedBy>
        <gml:pointProperty>
          <gml:Point srsName="EPSG:4269">
          	<gml:coordinates>-66.158957,43.797703</gml:coordinates>
          </gml:Point>
        </gml:pointProperty>
        <AREA>0.000</AREA>
        <PERIMETER>0.000</PERIMETER>
        <POPPLACE_>269</POPPLACE_>
        <POPPLACE_I>3</POPPLACE_I>
        <UNIQUE_KEY>CBPIB</UNIQUE_KEY>
        <NAME>Yarmouth</NAME>
        <NAME_E></NAME_E>
        <NAME_F></NAME_F>
        <UNIQUE_K_1></UNIQUE_K_1>
        <UNIQUE_K_2></UNIQUE_K_2>
        <REG_CODE>12</REG_CODE>
        <NTS50>020O16</NTS50>
        <LAT>435000</LAT>
        <LONG>660700</LONG>
        <SGC_CODE>1202006</SGC_CODE>
        <CAPITAL>0</CAPITAL>
        <POP_RANGE>3</POP_RANGE>
      </popplace>
    </gml:featureMember>
    <gml:featureMember>
      <popplace>
        <gml:boundedBy>
        	<gml:Box srsName="EPSG:4269">
        		<gml:coordinates>2574240.000000,416102.343750 2574240.000000,416102.343750</gml:coordinates>
        	</gml:Box>
        </gml:boundedBy>
        <gml:pointProperty>
          <gml:Point srsName="EPSG:4269">
          	<gml:coordinates>-60.280661,46.276898</gml:coordinates>
          </gml:Point>
        </gml:pointProperty>
        <AREA>0.000</AREA>
        <PERIMETER>0.000</PERIMETER>
        <POPPLACE_>270</POPPLACE_>
        <POPPLACE_I>3</POPPLACE_I>
        <UNIQUE_KEY>CBLHE</UNIQUE_KEY>
        <NAME>Sydney Mines</NAME>
        <NAME_E></NAME_E>
        <NAME_F></NAME_F>
        <UNIQUE_K_1></UNIQUE_K_1>
        <UNIQUE_K_2></UNIQUE_K_2>
        <REG_CODE>12</REG_CODE>
        <NTS50>011K01</NTS50>
        <LAT>461400</LAT>
        <LONG>601400</LONG>
        <SGC_CODE>1217019</SGC_CODE>
        <CAPITAL>0</CAPITAL>
        <POP_RANGE>3</POP_RANGE>
      </popplace>
    </gml:featureMember>
    <gml:featureMember>
      <popplace>
        <gml:boundedBy>
        	<gml:Box srsName="EPSG:4269">
        		<gml:coordinates>2437026.000000,130358.351562 2437026.000000,130358.351562</gml:coordinates>
        	</gml:Box>
        </gml:boundedBy>
        <gml:pointProperty>
          <gml:Point srsName="EPSG:4269">
          	<gml:coordinates>-63.570040,44.682792</gml:coordinates>
          </gml:Point>
        </gml:pointProperty>
        <AREA>0.000</AREA>
        <PERIMETER>0.000</PERIMETER>
        <POPPLACE_>392</POPPLACE_>
        <POPPLACE_I>4</POPPLACE_I>
        <UNIQUE_KEY>CAIYJ</UNIQUE_KEY>
        <NAME>Dartmouth</NAME>
        <NAME_E></NAME_E>
        <NAME_F></NAME_F>
        <UNIQUE_K_1></UNIQUE_K_1>
        <UNIQUE_K_2></UNIQUE_K_2>
        <REG_CODE>12</REG_CODE>
        <NTS50>011D12</NTS50>
        <LAT>444000</LAT>
        <LONG>633400</LONG>
        <SGC_CODE>1209022</SGC_CODE>
        <CAPITAL>0</CAPITAL>
        <POP_RANGE>5</POP_RANGE>
      </popplace>
    </gml:featureMember>
    <gml:featureMember>
      <popplace>
        <gml:boundedBy>
        	<gml:Box srsName="EPSG:4269">
        		<gml:coordinates>2402416.500000,461586.812500 2402416.500000,461586.812500</gml:coordinates>
        	</gml:Box>
        </gml:boundedBy>
        <gml:pointProperty>
          <gml:Point srsName="EPSG:4269">
          	<gml:coordinates>-61.903099,47.404770</gml:coordinates>
          </gml:Point>
        </gml:pointProperty>
        <AREA>0.000</AREA>
        <PERIMETER>0.000</PERIMETER>
        <POPPLACE_>397</POPPLACE_>
        <POPPLACE_I>4</POPPLACE_I>
        <UNIQUE_KEY>EGIIG</UNIQUE_KEY>
        <NAME>Fatima</NAME>
        <NAME_E></NAME_E>
        <NAME_F></NAME_F>
        <UNIQUE_K_1></UNIQUE_K_1>
        <UNIQUE_K_2></UNIQUE_K_2>
        <REG_CODE>24</REG_CODE>
        <NTS50>011N05</NTS50>
        <LAT>472400</LAT>
        <LONG>615300</LONG>
        <SGC_CODE>2401025</SGC_CODE>
        <CAPITAL>0</CAPITAL>
        <POP_RANGE>2</POP_RANGE>
      </popplace>
    </gml:featureMember>
    <gml:featureMember>
      <popplace>
        <gml:boundedBy>
        	<gml:Box srsName="EPSG:4269">
        		<gml:coordinates>2378567.250000,305099.781250 2378567.250000,305099.781250</gml:coordinates>
        	</gml:Box>
        </gml:boundedBy>
        <gml:pointProperty>
          <gml:Point srsName="EPSG:4269">
          	<gml:coordinates>-63.167017,46.291191</gml:coordinates>
          </gml:Point>
        </gml:pointProperty>
        <AREA>0.000</AREA>
        <PERIMETER>0.000</PERIMETER>
        <POPPLACE_>462</POPPLACE_>
        <POPPLACE_I>96</POPPLACE_I>
        <UNIQUE_KEY>BAARG</UNIQUE_KEY>
        <NAME>Charlottetown</NAME>
        <NAME_E></NAME_E>
        <NAME_F></NAME_F>
        <UNIQUE_K_1></UNIQUE_K_1>
        <UNIQUE_K_2></UNIQUE_K_2>
        <REG_CODE>11</REG_CODE>
        <NTS50>011L03</NTS50>
        <LAT>461425</LAT>
        <LONG>630805</LONG>
        <SGC_CODE>1102075</SGC_CODE>
        <CAPITAL>2</CAPITAL>
        <POP_RANGE>3</POP_RANGE>
      </popplace>
    </gml:featureMember>
    <gml:featureMember>
      <popplace>
        <gml:boundedBy>
        	<gml:Box srsName="EPSG:4269">
        		<gml:coordinates>2431943.750000,118985.382812 2431943.750000,118985.382812</gml:coordinates>
        	</gml:Box>
        </gml:boundedBy>
        <gml:pointProperty>
          <gml:Point srsName="EPSG:4269">
          	<gml:coordinates>-63.692011,44.615583</gml:coordinates>
          </gml:Point>
        </gml:pointProperty>
        <AREA>0.000</AREA>
        <PERIMETER>0.000</PERIMETER>
        <POPPLACE_>463</POPPLACE_>
        <POPPLACE_I>96</POPPLACE_I>
        <UNIQUE_KEY>CAPHL</UNIQUE_KEY>
        <NAME>Halifax</NAME>
        <NAME_E></NAME_E>
        <NAME_F></NAME_F>
        <UNIQUE_K_1></UNIQUE_K_1>
        <UNIQUE_K_2></UNIQUE_K_2>
        <REG_CODE>12</REG_CODE>
        <NTS50>011D12</NTS50>
        <LAT>443900</LAT>
        <LONG>633600</LONG>
        <SGC_CODE>1209021</SGC_CODE>
        <CAPITAL>2</CAPITAL>
        <POP_RANGE>6</POP_RANGE>
      </popplace>
    </gml:featureMember>
</wfs:FeatureCollection>

