Content-type: text/xml

<?xml version='1.0' encoding="ISO-8859-1" ?>
<wfs:FeatureCollection
   xmlns="http://www.ttt.org/myns"
   xmlns:myns="http://www.ttt.org/myns"
   xmlns:wfs="http://www.opengis.net/wfs"
   xmlns:gml="http://www.opengis.net/gml"
   xmlns:ogc="http://www.opengis.net/ogc"
   xmlns:xsi="http://www.w3.org/2001/XMLSchema-instance"
   xsi:schemaLocation="http://www.opengis.net/wfs http://ogc.dmsolutions.ca/wfs/1.0.0/WFS-basic.xsd 
                       http://www.ttt.org/myns http://localhost/path/to/wfs_simple?SERVICE=WFS&amp;VERSION=1.0.0&amp;REQUEST=DescribeFeatureType&amp;TYPENAME=popplace">
      <gml:boundedBy>
      	<gml:Box srsName="EPSG:4269">
      		<gml:coordinates>2431943.750000,118985.382812 2437026.000000,130358.351562</gml:coordinates>
      	</gml:Box>
      </gml:boundedBy>
    <gml:featureMember>
      <popplace>
        <gml:boundedBy>
        	<gml:Box srsName="EPSG:4269">
        		<gml:coordinates>2437026.000000,130358.351562 2437026.000000,130358.351562</gml:coordinates>
        	</gml:Box>
        </gml:boundedBy>
        <gml:pointProperty>
          <gml:Point srsName="EPSG:4269">
          	<gml:coordinates>-63.570040,44.682792</gml:coordinates>
          </gml:Point>
        </gml:pointProperty>
        <AREA>0.000</AREA>
        <PERIMETER>0.000</PERIMETER>
        <POPPLACE_>392</POPPLACE_>
        <POPPLACE_I>4</POPPLACE_I>
        <UNIQUE_KEY>CAIYJ</UNIQUE_KEY>
        <NAME>Dartmouth</NAME>
        <NAME_E></NAME_E>
        <NAME_F></NAME_F>
        <UNIQUE_K_1></UNIQUE_K_1>
        <UNIQUE_K_2></UNIQUE_K_2>
        <REG_CODE>12</REG_CODE>
        <NTS50>011D12</NTS50>
        <LAT>444000</LAT>
        <LONG>633400</LONG>
        <SGC_CODE>1209022</SGC_CODE>
        <CAPITAL>0</CAPITAL>
        <POP_RANGE>5</POP_RANGE>
      </popplace>
    </gml:featureMember>
    <gml:featureMember>
      <popplace>
        <gml:boundedBy>
        	<gml:Box srsName="EPSG:4269">
        		<gml:coordinates>2431943.750000,118985.382812 2431943.750000,118985.382812</gml:coordinates>
        	</gml:Box>
        </gml:boundedBy>
        <gml:pointProperty>
          <gml:Point srsName="EPSG:4269">
          	<gml:coordinates>-63.692011,44.615583</gml:coordinates>
          </gml:Point>
        </gml:pointProperty>
        <AREA>0.000</AREA>
        <PERIMETER>0.000</PERIMETER>
        <POPPLACE_>463</POPPLACE_>
        <POPPLACE_I>96</POPPLACE_I>
        <UNIQUE_KEY>CAPHL</UNIQUE_KEY>
        <NAME>Halifax</NAME>
        <NAME_E></NAME_E>
        <NAME_F></NAME_F>
        <UNIQUE_K_1></UNIQUE_K_1>
        <UNIQUE_K_2></UNIQUE_K_2>
        <REG_CODE>12</REG_CODE>
        <NTS50>011D12</NTS50>
        <LAT>443900</LAT>
        <LONG>633600</LONG>
        <SGC_CODE>1209021</SGC_CODE>
        <CAPITAL>2</CAPITAL>
        <POP_RANGE>6</POP_RANGE>
      </popplace>
    </gml:featureMember>
</wfs:FeatureCollection>

