Content-type: text/xml

<?xml version='1.0' encoding="ISO-8859-1" ?>
<wfs:FeatureCollection
   xmlns:ms="http://mapserver.gis.umn.edu/mapserver"
   xmlns:wfs="http://www.opengis.net/wfs"
   xmlns:gml="http://www.opengis.net/gml"
   xmlns:ogc="http://www.opengis.net/ogc"
   xmlns:xsi="http://www.w3.org/2001/XMLSchema-instance"
   xsi:schemaLocation="http://www.opengis.net/wfs http://ogc.dmsolutions.ca/wfs/1.0.0/WFS-basic.xsd 
                       http://mapserver.gis.umn.edu/mapserver http://localhost/path/to/wfs_simple?SERVICE=WFS&amp;VERSION=1.0.0&amp;REQUEST=DescribeFeatureType&amp;TYPENAME=popplace&amp;OUTPUTFORMAT=XMLSCHEMA">
      <gml:boundedBy>
      	<gml:Box srsName="EPSG:4269">
      		<gml:coordinates>2536072.750000,292073.093750 2578914.250000,311524.968750</gml:coordinates>
      	</gml:Box>
      </gml:boundedBy>
    <gml:featureMember>
      <ms:popplace>
        <gml:boundedBy>
        	<gml:Box srsName="EPSG:4269">
        		<gml:coordinates>-61.038743,45.311286 -61.038743,45.311286</gml:coordinates>
        	</gml:Box>
        </gml:boundedBy>
        <ms:msGeometry>
        <gml:Point srsName="EPSG:4269">
          <gml:coordinates>-61.038743,45.311286</gml:coordinates>
        </gml:Point>
        </ms:msGeometry>
        <ms:AREA>0.000</ms:AREA>
        <ms:PERIMETER>0.000</ms:PERIMETER>
        <ms:POPPLACE_>110</ms:POPPLACE_>
        <ms:POPPLACE_I>2</ms:POPPLACE_I>
        <ms:UNIQUE_KEY>CAGBW</ms:UNIQUE_KEY>
        <ms:NAME>Canso</ms:NAME>
        <ms:NAME_E></ms:NAME_E>
        <ms:NAME_F></ms:NAME_F>
        <ms:UNIQUE_K_1></ms:UNIQUE_K_1>
        <ms:UNIQUE_K_2></ms:UNIQUE_K_2>
        <ms:REG_CODE>12</ms:REG_CODE>
        <ms:NTS50>011F07</ms:NTS50>
        <ms:LAT>452000</ms:LAT>
        <ms:LONG>610000</ms:LONG>
        <ms:SGC_CODE>1213006</ms:SGC_CODE>
        <ms:CAPITAL>0</ms:CAPITAL>
        <ms:POP_RANGE>2</ms:POP_RANGE>
      </ms:popplace>
    </gml:featureMember>
    <gml:featureMember>
      <ms:popplace>
        <gml:boundedBy>
        	<gml:Box srsName="EPSG:4269">
        		<gml:coordinates>-61.379977,45.652307 -61.379977,45.652307</gml:coordinates>
        	</gml:Box>
        </gml:boundedBy>
        <ms:msGeometry>
        <gml:Point srsName="EPSG:4269">
          <gml:coordinates>-61.379977,45.652307</gml:coordinates>
        </gml:Point>
        </ms:msGeometry>
        <ms:AREA>0.000</ms:AREA>
        <ms:PERIMETER>0.000</ms:PERIMETER>
        <ms:POPPLACE_>111</ms:POPPLACE_>
        <ms:POPPLACE_I>2</ms:POPPLACE_I>
        <ms:UNIQUE_KEY>CBELL</ms:UNIQUE_KEY>
        <ms:NAME>Port Hawkesbury</ms:NAME>
        <ms:NAME_E></ms:NAME_E>
        <ms:NAME_F></ms:NAME_F>
        <ms:UNIQUE_K_1></ms:UNIQUE_K_1>
        <ms:UNIQUE_K_2></ms:UNIQUE_K_2>
        <ms:REG_CODE>12</ms:REG_CODE>
        <ms:NTS50>011F11</ms:NTS50>
        <ms:LAT>453700</ms:LAT>
        <ms:LONG>612100</ms:LONG>
        <ms:SGC_CODE>1215002</ms:SGC_CODE>
        <ms:CAPITAL>0</ms:CAPITAL>
        <ms:POP_RANGE>2</ms:POP_RANGE>
      </ms:popplace>
    </gml:featureMember>
</wfs:FeatureCollection>

