Content-type: text/xml

<?xml version='1.0' encoding="ISO-8859-1" ?>
<wfs:FeatureCollection
   xmlns:ms="http://mapserver.gis.umn.edu/mapserver"
   xmlns:wfs="http://www.opengis.net/wfs"
   xmlns:gml="http://www.opengis.net/gml"
   xmlns:ogc="http://www.opengis.net/ogc"
   xmlns:xsi="http://www.w3.org/2001/XMLSchema-instance"
   xsi:schemaLocation="http://www.opengis.net/wfs http://ogc.dmsolutions.ca/wfs/1.0.0/WFS-basic.xsd 
                       http://mapserver.gis.umn.edu/mapserver http://localhost/path/to/wfs_simple?SERVICE=WFS&amp;VERSION=1.0.0&amp;REQUEST=DescribeFeatureType&amp;TYPENAME=province&amp;OUTPUTFORMAT=XMLSCHEMA">
      <gml:boundedBy>
      	<gml:Box srsName="EPSG:4326">
      		<gml:coordinates>-60.117541,43.918413 -59.712843,44.010417</gml:coordinates>
      	</gml:Box>
      </gml:boundedBy>
    <gml:featureMember>
      <ms:province>
        <gml:boundedBy>
        	<gml:Box srsName="EPSG:4326">
        		<gml:coordinates>-60.117541,43.918413 -59.712843,44.010417</gml:coordinates>
        	</gml:Box>
        </gml:boundedBy>
        <ms:msGeometry>
        <gml:Polygon srsName="EPSG:4326">
          <gml:outerBoundaryIs>
            <gml:LinearRing>
              <gml:coordinates>-60.117541,43.923078 -60.110628,43.933522 -60.070988,43.943396 -59.914751,43.952586 -59.869787,43.958808 -59.821934,43.969408 -59.745514,44.002943 -59.725120,44.010417 -59.712843,44.005999 -59.715759,43.994175 -59.732063,43.981586 -59.775859,43.965917 -59.855295,43.935280 -59.886866,43.929858 -59.933842,43.928136 -59.983735,43.921907 -60.057221,43.918413 -60.097126,43.919575 -60.117541,43.923078 </gml:coordinates>
            </gml:LinearRing>
          </gml:outerBoundaryIs>
        </gml:Polygon>
        </ms:msGeometry>
        <ms:AREA>89508592.000</ms:AREA>
        <ms:PERIMETER>72294.453</ms:PERIMETER>
        <ms:PROVINCE_>1025</ms:PROVINCE_>
        <ms:PROVINCE_I>1025</ms:PROVINCE_I>
        <ms:STATUS>Province</ms:STATUS>
        <ms:NAME></ms:NAME>
        <ms:NAME_E>Nova Scotia</ms:NAME_E>
        <ms:NAME_F>Nouvelle-Ecosse</ms:NAME_F>
        <ms:REG_CODE>12</ms:REG_CODE>
        <ms:POLY_FEATU>0</ms:POLY_FEATU>
        <ms:ISLAND></ms:ISLAND>
        <ms:ISLAND_E>Sable Island</ms:ISLAND_E>
        <ms:ISLAND_F>?le de Sable</ms:ISLAND_F>
      </ms:province>
    </gml:featureMember>
</wfs:FeatureCollection>

