Content-type: text/xml

<?xml version='1.0' encoding="ISO-8859-1" ?>
<wfs:FeatureCollection
   xmlns:ms="http://mapserver.gis.umn.edu/mapserver"
   xmlns:wfs="http://www.opengis.net/wfs"
   xmlns:gml="http://www.opengis.net/gml"
   xmlns:ogc="http://www.opengis.net/ogc"
   xmlns:xsi="http://www.w3.org/2001/XMLSchema-instance"
   xsi:schemaLocation="http://www.opengis.net/wfs http://ogc.dmsolutions.ca/wfs/1.0.0/WFS-basic.xsd 
                       http://mapserver.gis.umn.edu/mapserver http://localhost/path/to/wfs_simple?SERVICE=WFS&amp;VERSION=1.0.0&amp;REQUEST=DescribeFeatureType&amp;TYPENAME=popplace&amp;OUTPUTFORMAT=XMLSCHEMA">
      <gml:boundedBy>
      	<gml:Box srsName="EPSG:4326">
      		<gml:coordinates>-65.816024,43.740118 -60.981038,47.404770</gml:coordinates>
      	</gml:Box>
      </gml:boundedBy>
    <gml:featureMember>
      <ms:popplace>
        <gml:boundedBy>
        	<gml:Box srsName="EPSG:4326">
        		<gml:coordinates>-64.052355,46.980843 -64.052355,46.980843</gml:coordinates>
        	</gml:Box>
        </gml:boundedBy>
        <ms:msGeometry>
        <gml:Point srsName="EPSG:4326">
          <gml:coordinates>-64.052355,46.980843</gml:coordinates>
        </gml:Point>
        </ms:msGeometry>
        <ms:AREA>0.000</ms:AREA>
        <ms:PERIMETER>0.000</ms:PERIMETER>
        <ms:POPPLACE_>8</ms:POPPLACE_>
        <ms:POPPLACE_I>1</ms:POPPLACE_I>
        <ms:UNIQUE_KEY>BACMK</ms:UNIQUE_KEY>
        <ms:NAME>Tignish</ms:NAME>
        <ms:NAME_E></ms:NAME_E>
        <ms:NAME_F></ms:NAME_F>
        <ms:UNIQUE_K_1></ms:UNIQUE_K_1>
        <ms:UNIQUE_K_2></ms:UNIQUE_K_2>
        <ms:REG_CODE>11</ms:REG_CODE>
        <ms:NTS50>021I16</ms:NTS50>
        <ms:LAT>465700</ms:LAT>
        <ms:LONG>640200</ms:LONG>
        <ms:SGC_CODE>0</ms:SGC_CODE>
        <ms:CAPITAL>0</ms:CAPITAL>
        <ms:POP_RANGE>1</ms:POP_RANGE>
      </ms:popplace>
    </gml:featureMember>
    <gml:featureMember>
      <ms:popplace>
        <gml:boundedBy>
        	<gml:Box srsName="EPSG:4326">
        		<gml:coordinates>-60.981038,46.689323 -60.981038,46.689323</gml:coordinates>
        	</gml:Box>
        </gml:boundedBy>
        <ms:msGeometry>
        <gml:Point srsName="EPSG:4326">
          <gml:coordinates>-60.981038,46.689323</gml:coordinates>
        </gml:Point>
        </ms:msGeometry>
        <ms:AREA>0.000</ms:AREA>
        <ms:PERIMETER>0.000</ms:PERIMETER>
        <ms:POPPLACE_>9</ms:POPPLACE_>
        <ms:POPPLACE_I>1</ms:POPPLACE_I>
        <ms:UNIQUE_KEY>CAGYX</ms:UNIQUE_KEY>
        <ms:NAME>Cheticamp</ms:NAME>
        <ms:NAME_E></ms:NAME_E>
        <ms:NAME_F></ms:NAME_F>
        <ms:UNIQUE_K_1></ms:UNIQUE_K_1>
        <ms:UNIQUE_K_2></ms:UNIQUE_K_2>
        <ms:REG_CODE>12</ms:REG_CODE>
        <ms:NTS50>011K11</ms:NTS50>
        <ms:LAT>463800</ms:LAT>
        <ms:LONG>610100</ms:LONG>
        <ms:SGC_CODE>1215011</ms:SGC_CODE>
        <ms:CAPITAL>0</ms:CAPITAL>
        <ms:POP_RANGE>2</ms:POP_RANGE>
      </ms:popplace>
    </gml:featureMember>
    <gml:featureMember>
      <ms:popplace>
        <gml:boundedBy>
        	<gml:Box srsName="EPSG:4326">
        		<gml:coordinates>-62.513078,44.911800 -62.513078,44.911800</gml:coordinates>
        	</gml:Box>
        </gml:boundedBy>
        <ms:msGeometry>
        <gml:Point srsName="EPSG:4326">
          <gml:coordinates>-62.513078,44.911800</gml:coordinates>
        </gml:Point>
        </ms:msGeometry>
        <ms:AREA>0.000</ms:AREA>
        <ms:PERIMETER>0.000</ms:PERIMETER>
        <ms:POPPLACE_>10</ms:POPPLACE_>
        <ms:POPPLACE_I>1</ms:POPPLACE_I>
        <ms:UNIQUE_KEY>CBIKA</ms:UNIQUE_KEY>
        <ms:NAME>Sheet Harbour</ms:NAME>
        <ms:NAME_E></ms:NAME_E>
        <ms:NAME_F></ms:NAME_F>
        <ms:UNIQUE_K_1></ms:UNIQUE_K_1>
        <ms:UNIQUE_K_2></ms:UNIQUE_K_2>
        <ms:REG_CODE>12</ms:REG_CODE>
        <ms:NTS50>011D15</ms:NTS50>
        <ms:LAT>445500</ms:LAT>
        <ms:LONG>623200</ms:LONG>
        <ms:SGC_CODE>1209036</ms:SGC_CODE>
        <ms:CAPITAL>0</ms:CAPITAL>
        <ms:POP_RANGE>2</ms:POP_RANGE>
      </ms:popplace>
    </gml:featureMember>
    <gml:featureMember>
      <ms:popplace>
        <gml:boundedBy>
        	<gml:Box srsName="EPSG:4326">
        		<gml:coordinates>-62.272430,46.373272 -62.272430,46.373272</gml:coordinates>
        	</gml:Box>
        </gml:boundedBy>
        <ms:msGeometry>
        <gml:Point srsName="EPSG:4326">
          <gml:coordinates>-62.272430,46.373272</gml:coordinates>
        </gml:Point>
        </ms:msGeometry>
        <ms:AREA>0.000</ms:AREA>
        <ms:PERIMETER>0.000</ms:PERIMETER>
        <ms:POPPLACE_>109</ms:POPPLACE_>
        <ms:POPPLACE_I>2</ms:POPPLACE_I>
        <ms:UNIQUE_KEY>BACII</ms:UNIQUE_KEY>
        <ms:NAME>Souris</ms:NAME>
        <ms:NAME_E></ms:NAME_E>
        <ms:NAME_F></ms:NAME_F>
        <ms:UNIQUE_K_1></ms:UNIQUE_K_1>
        <ms:UNIQUE_K_2></ms:UNIQUE_K_2>
        <ms:REG_CODE>11</ms:REG_CODE>
        <ms:NTS50>011L08</ms:NTS50>
        <ms:LAT>462100</ms:LAT>
        <ms:LONG>621500</ms:LONG>
        <ms:SGC_CODE>1101036</ms:SGC_CODE>
        <ms:CAPITAL>0</ms:CAPITAL>
        <ms:POP_RANGE>2</ms:POP_RANGE>
      </ms:popplace>
    </gml:featureMember>
    <gml:featureMember>
      <ms:popplace>
        <gml:boundedBy>
        	<gml:Box srsName="EPSG:4326">
        		<gml:coordinates>-61.038743,45.311286 -61.038743,45.311286</gml:coordinates>
        	</gml:Box>
        </gml:boundedBy>
        <ms:msGeometry>
        <gml:Point srsName="EPSG:4326">
          <gml:coordinates>-61.038743,45.311286</gml:coordinates>
        </gml:Point>
        </ms:msGeometry>
        <ms:AREA>0.000</ms:AREA>
        <ms:PERIMETER>0.000</ms:PERIMETER>
        <ms:POPPLACE_>110</ms:POPPLACE_>
        <ms:POPPLACE_I>2</ms:POPPLACE_I>
        <ms:UNIQUE_KEY>CAGBW</ms:UNIQUE_KEY>
        <ms:NAME>Canso</ms:NAME>
        <ms:NAME_E></ms:NAME_E>
        <ms:NAME_F></ms:NAME_F>
        <ms:UNIQUE_K_1></ms:UNIQUE_K_1>
        <ms:UNIQUE_K_2></ms:UNIQUE_K_2>
        <ms:REG_CODE>12</ms:REG_CODE>
        <ms:NTS50>011F07</ms:NTS50>
        <ms:LAT>452000</ms:LAT>
        <ms:LONG>610000</ms:LONG>
        <ms:SGC_CODE>1213006</ms:SGC_CODE>
        <ms:CAPITAL>0</ms:CAPITAL>
        <ms:POP_RANGE>2</ms:POP_RANGE>
      </ms:popplace>
    </gml:featureMember>
    <gml:featureMember>
      <ms:popplace>
        <gml:boundedBy>
        	<gml:Box srsName="EPSG:4326">
        		<gml:coordinates>-61.379977,45.652307 -61.379977,45.652307</gml:coordinates>
        	</gml:Box>
        </gml:boundedBy>
        <ms:msGeometry>
        <gml:Point srsName="EPSG:4326">
          <gml:coordinates>-61.379977,45.652307</gml:coordinates>
        </gml:Point>
        </ms:msGeometry>
        <ms:AREA>0.000</ms:AREA>
        <ms:PERIMETER>0.000</ms:PERIMETER>
        <ms:POPPLACE_>111</ms:POPPLACE_>
        <ms:POPPLACE_I>2</ms:POPPLACE_I>
        <ms:UNIQUE_KEY>CBELL</ms:UNIQUE_KEY>
        <ms:NAME>Port Hawkesbury</ms:NAME>
        <ms:NAME_E></ms:NAME_E>
        <ms:NAME_F></ms:NAME_F>
        <ms:UNIQUE_K_1></ms:UNIQUE_K_1>
        <ms:UNIQUE_K_2></ms:UNIQUE_K_2>
        <ms:REG_CODE>12</ms:REG_CODE>
        <ms:NTS50>011F11</ms:NTS50>
        <ms:LAT>453700</ms:LAT>
        <ms:LONG>612100</ms:LONG>
        <ms:SGC_CODE>1215002</ms:SGC_CODE>
        <ms:CAPITAL>0</ms:CAPITAL>
        <ms:POP_RANGE>2</ms:POP_RANGE>
      </ms:popplace>
    </gml:featureMember>
    <gml:featureMember>
      <ms:popplace>
        <gml:boundedBy>
        	<gml:Box srsName="EPSG:4326">
        		<gml:coordinates>-61.997375,45.639459 -61.997375,45.639459</gml:coordinates>
        	</gml:Box>
        </gml:boundedBy>
        <ms:msGeometry>
        <gml:Point srsName="EPSG:4326">
          <gml:coordinates>-61.997375,45.639459</gml:coordinates>
        </gml:Point>
        </ms:msGeometry>
        <ms:AREA>0.000</ms:AREA>
        <ms:PERIMETER>0.000</ms:PERIMETER>
        <ms:POPPLACE_>112</ms:POPPLACE_>
        <ms:POPPLACE_I>2</ms:POPPLACE_I>
        <ms:UNIQUE_KEY>CAATB</ms:UNIQUE_KEY>
        <ms:NAME>Antigonish</ms:NAME>
        <ms:NAME_E></ms:NAME_E>
        <ms:NAME_F></ms:NAME_F>
        <ms:UNIQUE_K_1></ms:UNIQUE_K_1>
        <ms:UNIQUE_K_2></ms:UNIQUE_K_2>
        <ms:REG_CODE>12</ms:REG_CODE>
        <ms:NTS50>011F12</ms:NTS50>
        <ms:LAT>453700</ms:LAT>
        <ms:LONG>620000</ms:LONG>
        <ms:SGC_CODE>1214002</ms:SGC_CODE>
        <ms:CAPITAL>0</ms:CAPITAL>
        <ms:POP_RANGE>2</ms:POP_RANGE>
      </ms:popplace>
    </gml:featureMember>
    <gml:featureMember>
      <ms:popplace>
        <gml:boundedBy>
        	<gml:Box srsName="EPSG:4326">
        		<gml:coordinates>-64.109628,45.627963 -64.109628,45.627963</gml:coordinates>
        	</gml:Box>
        </gml:boundedBy>
        <ms:msGeometry>
        <gml:Point srsName="EPSG:4326">
          <gml:coordinates>-64.109628,45.627963</gml:coordinates>
        </gml:Point>
        </ms:msGeometry>
        <ms:AREA>0.000</ms:AREA>
        <ms:PERIMETER>0.000</ms:PERIMETER>
        <ms:POPPLACE_>113</ms:POPPLACE_>
        <ms:POPPLACE_I>2</ms:POPPLACE_I>
        <ms:UNIQUE_KEY>CBKDH</ms:UNIQUE_KEY>
        <ms:NAME>Springhill</ms:NAME>
        <ms:NAME_E></ms:NAME_E>
        <ms:NAME_F></ms:NAME_F>
        <ms:UNIQUE_K_1></ms:UNIQUE_K_1>
        <ms:UNIQUE_K_2></ms:UNIQUE_K_2>
        <ms:REG_CODE>12</ms:REG_CODE>
        <ms:NTS50>021H09</ms:NTS50>
        <ms:LAT>453900</ms:LAT>
        <ms:LONG>640300</ms:LONG>
        <ms:SGC_CODE>1211008</ms:SGC_CODE>
        <ms:CAPITAL>0</ms:CAPITAL>
        <ms:POP_RANGE>2</ms:POP_RANGE>
      </ms:popplace>
    </gml:featureMember>
    <gml:featureMember>
      <ms:popplace>
        <gml:boundedBy>
        	<gml:Box srsName="EPSG:4326">
        		<gml:coordinates>-64.190057,44.971547 -64.190057,44.971547</gml:coordinates>
        	</gml:Box>
        </gml:boundedBy>
        <ms:msGeometry>
        <gml:Point srsName="EPSG:4326">
          <gml:coordinates>-64.190057,44.971547</gml:coordinates>
        </gml:Point>
        </ms:msGeometry>
        <ms:AREA>0.000</ms:AREA>
        <ms:PERIMETER>0.000</ms:PERIMETER>
        <ms:POPPLACE_>114</ms:POPPLACE_>
        <ms:POPPLACE_I>2</ms:POPPLACE_I>
        <ms:UNIQUE_KEY>CBPAK</ms:UNIQUE_KEY>
        <ms:NAME>Windsor</ms:NAME>
        <ms:NAME_E></ms:NAME_E>
        <ms:NAME_F></ms:NAME_F>
        <ms:UNIQUE_K_1></ms:UNIQUE_K_1>
        <ms:UNIQUE_K_2></ms:UNIQUE_K_2>
        <ms:REG_CODE>12</ms:REG_CODE>
        <ms:NTS50>021A16</ms:NTS50>
        <ms:LAT>445900</ms:LAT>
        <ms:LONG>640800</ms:LONG>
        <ms:SGC_CODE>1208002</ms:SGC_CODE>
        <ms:CAPITAL>0</ms:CAPITAL>
        <ms:POP_RANGE>2</ms:POP_RANGE>
      </ms:popplace>
    </gml:featureMember>
    <gml:featureMember>
      <ms:popplace>
        <gml:boundedBy>
        	<gml:Box srsName="EPSG:4326">
        		<gml:coordinates>-64.333577,44.375794 -64.333577,44.375794</gml:coordinates>
        	</gml:Box>
        </gml:boundedBy>
        <ms:msGeometry>
        <gml:Point srsName="EPSG:4326">
          <gml:coordinates>-64.333577,44.375794</gml:coordinates>
        </gml:Point>
        </ms:msGeometry>
        <ms:AREA>0.000</ms:AREA>
        <ms:PERIMETER>0.000</ms:PERIMETER>
        <ms:POPPLACE_>115</ms:POPPLACE_>
        <ms:POPPLACE_I>2</ms:POPPLACE_I>
        <ms:UNIQUE_KEY>CAWAZ</ms:UNIQUE_KEY>
        <ms:NAME>Lunenburg</ms:NAME>
        <ms:NAME_E></ms:NAME_E>
        <ms:NAME_F></ms:NAME_F>
        <ms:UNIQUE_K_1></ms:UNIQUE_K_1>
        <ms:UNIQUE_K_2></ms:UNIQUE_K_2>
        <ms:REG_CODE>12</ms:REG_CODE>
        <ms:NTS50>021A08</ms:NTS50>
        <ms:LAT>442300</ms:LAT>
        <ms:LONG>641900</ms:LONG>
        <ms:SGC_CODE>1206006</ms:SGC_CODE>
        <ms:CAPITAL>0</ms:CAPITAL>
        <ms:POP_RANGE>2</ms:POP_RANGE>
      </ms:popplace>
    </gml:featureMember>
    <gml:featureMember>
      <ms:popplace>
        <gml:boundedBy>
        	<gml:Box srsName="EPSG:4326">
        		<gml:coordinates>-64.732816,44.020359 -64.732816,44.020359</gml:coordinates>
        	</gml:Box>
        </gml:boundedBy>
        <ms:msGeometry>
        <gml:Point srsName="EPSG:4326">
          <gml:coordinates>-64.732816,44.020359</gml:coordinates>
        </gml:Point>
        </ms:msGeometry>
        <ms:AREA>0.000</ms:AREA>
        <ms:PERIMETER>0.000</ms:PERIMETER>
        <ms:POPPLACE_>116</ms:POPPLACE_>
        <ms:POPPLACE_I>2</ms:POPPLACE_I>
        <ms:UNIQUE_KEY>CAUWZ</ms:UNIQUE_KEY>
        <ms:NAME>Liverpool</ms:NAME>
        <ms:NAME_E></ms:NAME_E>
        <ms:NAME_F></ms:NAME_F>
        <ms:UNIQUE_K_1></ms:UNIQUE_K_1>
        <ms:UNIQUE_K_2></ms:UNIQUE_K_2>
        <ms:REG_CODE>12</ms:REG_CODE>
        <ms:NTS50>021A02</ms:NTS50>
        <ms:LAT>440200</ms:LAT>
        <ms:LONG>644300</ms:LONG>
        <ms:SGC_CODE>1204006</ms:SGC_CODE>
        <ms:CAPITAL>0</ms:CAPITAL>
        <ms:POP_RANGE>2</ms:POP_RANGE>
      </ms:popplace>
    </gml:featureMember>
    <gml:featureMember>
      <ms:popplace>
        <gml:boundedBy>
        	<gml:Box srsName="EPSG:4326">
        		<gml:coordinates>-65.114828,44.938161 -65.114828,44.938161</gml:coordinates>
        	</gml:Box>
        </gml:boundedBy>
        <ms:msGeometry>
        <gml:Point srsName="EPSG:4326">
          <gml:coordinates>-65.114828,44.938161</gml:coordinates>
        </gml:Point>
        </ms:msGeometry>
        <ms:AREA>0.000</ms:AREA>
        <ms:PERIMETER>0.000</ms:PERIMETER>
        <ms:POPPLACE_>117</ms:POPPLACE_>
        <ms:POPPLACE_I>2</ms:POPPLACE_I>
        <ms:UNIQUE_KEY>CAZHC</ms:UNIQUE_KEY>
        <ms:NAME>Middleton</ms:NAME>
        <ms:NAME_E></ms:NAME_E>
        <ms:NAME_F></ms:NAME_F>
        <ms:UNIQUE_K_1></ms:UNIQUE_K_1>
        <ms:UNIQUE_K_2></ms:UNIQUE_K_2>
        <ms:REG_CODE>12</ms:REG_CODE>
        <ms:NTS50>021A14</ms:NTS50>
        <ms:LAT>445700</ms:LAT>
        <ms:LONG>650400</ms:LONG>
        <ms:SGC_CODE>1205016</ms:SGC_CODE>
        <ms:CAPITAL>0</ms:CAPITAL>
        <ms:POP_RANGE>2</ms:POP_RANGE>
      </ms:popplace>
    </gml:featureMember>
    <gml:featureMember>
      <ms:popplace>
        <gml:boundedBy>
        	<gml:Box srsName="EPSG:4326">
        		<gml:coordinates>-65.816024,44.611049 -65.816024,44.611049</gml:coordinates>
        	</gml:Box>
        </gml:boundedBy>
        <ms:msGeometry>
        <gml:Point srsName="EPSG:4326">
          <gml:coordinates>-65.816024,44.611049</gml:coordinates>
        </gml:Point>
        </ms:msGeometry>
        <ms:AREA>0.000</ms:AREA>
        <ms:PERIMETER>0.000</ms:PERIMETER>
        <ms:POPPLACE_>118</ms:POPPLACE_>
        <ms:POPPLACE_I>2</ms:POPPLACE_I>
        <ms:UNIQUE_KEY>CAJOA</ms:UNIQUE_KEY>
        <ms:NAME>Digby</ms:NAME>
        <ms:NAME_E></ms:NAME_E>
        <ms:NAME_F></ms:NAME_F>
        <ms:UNIQUE_K_1></ms:UNIQUE_K_1>
        <ms:UNIQUE_K_2></ms:UNIQUE_K_2>
        <ms:REG_CODE>12</ms:REG_CODE>
        <ms:NTS50>021A12</ms:NTS50>
        <ms:LAT>443700</ms:LAT>
        <ms:LONG>654600</ms:LONG>
        <ms:SGC_CODE>1203006</ms:SGC_CODE>
        <ms:CAPITAL>0</ms:CAPITAL>
        <ms:POP_RANGE>2</ms:POP_RANGE>
      </ms:popplace>
    </gml:featureMember>
    <gml:featureMember>
      <ms:popplace>
        <gml:boundedBy>
        	<gml:Box srsName="EPSG:4326">
        		<gml:coordinates>-65.318371,43.740118 -65.318371,43.740118</gml:coordinates>
        	</gml:Box>
        </gml:boundedBy>
        <ms:msGeometry>
        <gml:Point srsName="EPSG:4326">
          <gml:coordinates>-65.318371,43.740118</gml:coordinates>
        </gml:Point>
        </ms:msGeometry>
        <ms:AREA>0.000</ms:AREA>
        <ms:PERIMETER>0.000</ms:PERIMETER>
        <ms:POPPLACE_>119</ms:POPPLACE_>
        <ms:POPPLACE_I>2</ms:POPPLACE_I>
        <ms:UNIQUE_KEY>CBIKP</ms:UNIQUE_KEY>
        <ms:NAME>Shelburne</ms:NAME>
        <ms:NAME_E></ms:NAME_E>
        <ms:NAME_F></ms:NAME_F>
        <ms:UNIQUE_K_1></ms:UNIQUE_K_1>
        <ms:UNIQUE_K_2></ms:UNIQUE_K_2>
        <ms:REG_CODE>12</ms:REG_CODE>
        <ms:NTS50>020P14</ms:NTS50>
        <ms:LAT>434600</ms:LAT>
        <ms:LONG>651900</ms:LONG>
        <ms:SGC_CODE>1201008</ms:SGC_CODE>
        <ms:CAPITAL>0</ms:CAPITAL>
        <ms:POP_RANGE>2</ms:POP_RANGE>
      </ms:popplace>
    </gml:featureMember>
    <gml:featureMember>
      <ms:popplace>
        <gml:boundedBy>
        	<gml:Box srsName="EPSG:4326">
        		<gml:coordinates>-61.903099,47.404770 -61.903099,47.404770</gml:coordinates>
        	</gml:Box>
        </gml:boundedBy>
        <ms:msGeometry>
        <gml:Point srsName="EPSG:4326">
          <gml:coordinates>-61.903099,47.404770</gml:coordinates>
        </gml:Point>
        </ms:msGeometry>
        <ms:AREA>0.000</ms:AREA>
        <ms:PERIMETER>0.000</ms:PERIMETER>
        <ms:POPPLACE_>397</ms:POPPLACE_>
        <ms:POPPLACE_I>4</ms:POPPLACE_I>
        <ms:UNIQUE_KEY>EGIIG</ms:UNIQUE_KEY>
        <ms:NAME>Fatima</ms:NAME>
        <ms:NAME_E></ms:NAME_E>
        <ms:NAME_F></ms:NAME_F>
        <ms:UNIQUE_K_1></ms:UNIQUE_K_1>
        <ms:UNIQUE_K_2></ms:UNIQUE_K_2>
        <ms:REG_CODE>24</ms:REG_CODE>
        <ms:NTS50>011N05</ms:NTS50>
        <ms:LAT>472400</ms:LAT>
        <ms:LONG>615300</ms:LONG>
        <ms:SGC_CODE>2401025</ms:SGC_CODE>
        <ms:CAPITAL>0</ms:CAPITAL>
        <ms:POP_RANGE>2</ms:POP_RANGE>
      </ms:popplace>
    </gml:featureMember>
</wfs:FeatureCollection>

