Content-type: application/vnd.ogc.wms_xml

<?xml version='1.0' encoding="ISO-8859-1" standalone="no" ?>
<!DOCTYPE WMT_MS_Capabilities SYSTEM "http://ogc.dmsolutions.ca/wms/1.1.1/capabilities_1_1_1.dtd"
 [
 <!ELEMENT VendorSpecificCapabilities EMPTY>
 ]>  <!-- end of DOCTYPE declaration -->

<WMT_MS_Capabilities version="1.1.1">

<Service>
  <Name>OGC:WMS</Name>
  <Title>Test simple wms</Title>
  <OnlineResource xmlns:xlink="http://www.w3.org/1999/xlink" xlink:href="http://localhost/path/to/wms_simple?"/>
  <ContactInformation>
  </ContactInformation>
</Service>

<Capability>
  <Request>
    <GetCapabilities>
      <Format>application/vnd.ogc.wms_xml</Format>
      <DCPType>
        <HTTP>
          <Get><OnlineResource xmlns:xlink="http://www.w3.org/1999/xlink" xlink:href="http://localhost/path/to/wms_simple?"/></Get>
          <Post><OnlineResource xmlns:xlink="http://www.w3.org/1999/xlink" xlink:href="http://localhost/path/to/wms_simple?"/></Post>
        </HTTP>
      </DCPType>
    </GetCapabilities>
    <GetMap>
      <Format>image/png</Format>
      <Format>image/gif</Format>
      <Format>image/png; mode=24bit</Format>
      <Format>image/jpeg</Format>
      <Format>image/vnd.wap.wbmp</Format>
      <Format>image/tiff</Format>
      <Format>image/svg+xml</Format>
      <DCPType>
        <HTTP>
          <Get><OnlineResource xmlns:xlink="http://www.w3.org/1999/xlink" xlink:href="http://localhost/path/to/wms_simple?"/></Get>
          <Post><OnlineResource xmlns:xlink="http://www.w3.org/1999/xlink" xlink:href="http://localhost/path/to/wms_simple?"/></Post>
        </HTTP>
      </DCPType>
    </GetMap>
    <GetFeatureInfo>
      <Format>text/plain</Format>
      <Format>application/vnd.ogc.gml</Format>
      <DCPType>
        <HTTP>
          <Get><OnlineResource xmlns:xlink="http://www.w3.org/1999/xlink" xlink:href="http://localhost/path/to/wms_simple?"/></Get>
          <Post><OnlineResource xmlns:xlink="http://www.w3.org/1999/xlink" xlink:href="http://localhost/path/to/wms_simple?"/></Post>
        </HTTP>
      </DCPType>
    </GetFeatureInfo>
    <DescribeLayer>
      <Format>text/xml</Format>
      <DCPType>
        <HTTP>
          <Get><OnlineResource xmlns:xlink="http://www.w3.org/1999/xlink" xlink:href="http://localhost/path/to/wms_simple?"/></Get>
          <Post><OnlineResource xmlns:xlink="http://www.w3.org/1999/xlink" xlink:href="http://localhost/path/to/wms_simple?"/></Post>
        </HTTP>
      </DCPType>
    </DescribeLayer>
    <GetLegendGraphic>
      <Format>image/png</Format>
      <Format>image/gif</Format>
      <Format>image/png; mode=24bit</Format>
      <Format>image/jpeg</Format>
      <Format>image/vnd.wap.wbmp</Format>
      <DCPType>
        <HTTP>
          <Get><OnlineResource xmlns:xlink="http://www.w3.org/1999/xlink" xlink:href="http://localhost/path/to/wms_simple?"/></Get>
          <Post><OnlineResource xmlns:xlink="http://www.w3.org/1999/xlink" xlink:href="http://localhost/path/to/wms_simple?"/></Post>
        </HTTP>
      </DCPType>
    </GetLegendGraphic>
    <GetStyles>
      <Format>text/xml</Format>
      <DCPType>
        <HTTP>
          <Get><OnlineResource xmlns:xlink="http://www.w3.org/1999/xlink" xlink:href="http://localhost/path/to/wms_simple?"/></Get>
          <Post><OnlineResource xmlns:xlink="http://www.w3.org/1999/xlink" xlink:href="http://localhost/path/to/wms_simple?"/></Post>
        </HTTP>
      </DCPType>
    </GetStyles>
  </Request>
  <Exception>
    <Format>application/vnd.ogc.se_xml</Format>
    <Format>application/vnd.ogc.se_inimage</Format>
    <Format>application/vnd.ogc.se_blank</Format>
  </Exception>
  <VendorSpecificCapabilities />
  <UserDefinedSymbolization SupportSLD="1" UserLayer="0" UserStyle="1" RemoteWFS="0"/>
  <Layer>
    <Name>WMS_TEST</Name>
    <Title>Test simple wms</Title>
    <SRS>EPSG:42304</SRS>
    <SRS>EPSG:42101</SRS>
    <SRS>EPSG:4269</SRS>
    <SRS>EPSG:4326</SRS>
    <LatLonBoundingBox minx="-69.3381" miny="38.6757" maxx="-50.1471" maxy="50.514" />
    <Layer queryable="0" opaque="0" cascaded="0">
        <Name>road</Name>
        <Title>road</Title>
<!-- WARNING: Mandatory mapfile parameter '(at least one of) MAP.PROJECTION, LAYER.PROJECTION or wms_srs metadata' was missing in this context. -->
        <LatLonBoundingBox minx="-66.6333" miny="42.3821" maxx="-59.2921" maxy="48.2955" />
        <Style>
          <Name>default</Name>
          <Title>default</Title>
          <LegendURL width="20" height="10">
             <Format>image/png</Format>
             <OnlineResource xmlns:xlink="http://www.w3.org/1999/xlink" xlink:type="simple" xlink:href="http://localhost/path/to/wms_simple?version=1.1.1&amp;service=WMS&amp;request=GetLegendGraphic&amp;layer=road&amp;format=image/png"/>
          </LegendURL>
        </Style>
    </Layer>
  </Layer>
</Capability>
</WMT_MS_Capabilities>
