Content-type: application/vnd.ogc.se_xml

<?xml version='1.0' encoding="ISO-8859-1" standalone="no" ?>
<!DOCTYPE ServiceExceptionReport SYSTEM "http://schemas.opengis.net/wms/1.1.1/exception_1_1_1.dtd">
<ServiceExceptionReport version="1.1.1">
<ServiceException>
msOWSParseVersionString(): OWS error. Invalid version (1). Version must be in the format &#39;x.y&#39; or &#39;x.y.z&#39;
</ServiceException>
</ServiceExceptionReport>
