Content-type: application/vnd.ogc.se_xml

<?xml version='1.0' encoding="ISO-8859-1" standalone="no" ?>
<!DOCTYPE ServiceExceptionReport SYSTEM "http://schemas.opengis.net/wms/1.1.1/exception_1_1_1.dtd">
<ServiceExceptionReport version="1.1.1">
<ServiceException code="InvalidDimensionValue">
msWMSApplyDimension: WMS server error. Dimension text_dimension with a value of invalid1,invalid2 is invalid or outside the extents defined
msEvalRegex(): Regular expression error. String failed expression test.
</ServiceException>
</ServiceExceptionReport>
