<?xml version='1.0' encoding="ISO-8859-1" standalone="no" ?>
<WMS_Capabilities version="1.3.0"  xmlns="http://www.opengis.net/wms"   xmlns:sld="http://www.opengis.net/sld"   xmlns:xsi="http://www.w3.org/2001/XMLSchema-instance"   xmlns:ms="http://mapserver.gis.umn.edu/mapserver"   xsi:schemaLocation="http://www.opengis.net/wms http://schemas.opengis.net/wms/1.3.0/capabilities_1_3_0.xsd  http://www.opengis.net/sld http://schemas.opengis.net/sld/1.1.0/sld_capabilities.xsd  http://mapserver.gis.umn.edu/mapserver http://localhost/path/to/wms_simple?service=WMS&amp;version=1.3.0&amp;request=GetSchemaExtension">

<Service>
  <Name>WMS</Name>
  <Title>Test simple wms</Title>
  <OnlineResource xmlns:xlink="http://www.w3.org/1999/xlink" xlink:href="http://www.mapserver.org/"/>
  <ContactInformation>
  </ContactInformation>
  <MaxWidth>2048</MaxWidth>
  <MaxHeight>2048</MaxHeight>
</Service>

<Capability>
  <Request>
    <GetCapabilities>
      <Format>text/xml</Format>
      <DCPType>
        <HTTP>
          <Get><OnlineResource xmlns:xlink="http://www.w3.org/1999/xlink" xlink:href="http://localhost/path/to/wms_simple?"/></Get>
          <Post><OnlineResource xmlns:xlink="http://www.w3.org/1999/xlink" xlink:href="http://localhost/path/to/wms_simple?"/></Post>
        </HTTP>
      </DCPType>
    </GetCapabilities>
    <GetMap>
      <Format>image/png</Format>
      <Format>image/jpeg</Format>
      <Format>image/gif</Format>
      <Format>image/png; mode=8bit</Format>
      <Format>application/x-pdf</Format>
      <Format>image/svg+xml</Format>
      <Format>image/tiff</Format>
      <Format>application/vnd.google-earth.kml+xml</Format>
      <Format>application/vnd.google-earth.kmz</Format>
      <DCPType>
        <HTTP>
          <Get><OnlineResource xmlns:xlink="http://www.w3.org/1999/xlink" xlink:href="http://localhost/path/to/wms_simple?"/></Get>
          <Post><OnlineResource xmlns:xlink="http://www.w3.org/1999/xlink" xlink:href="http://localhost/path/to/wms_simple?"/></Post>
        </HTTP>
      </DCPType>
    </GetMap>
    <GetFeatureInfo>
      <Format>text/plain</Format>
      <Format>application/vnd.ogc.gml</Format>
      <DCPType>
        <HTTP>
          <Get><OnlineResource xmlns:xlink="http://www.w3.org/1999/xlink" xlink:href="http://localhost/path/to/wms_simple?"/></Get>
          <Post><OnlineResource xmlns:xlink="http://www.w3.org/1999/xlink" xlink:href="http://localhost/path/to/wms_simple?"/></Post>
        </HTTP>
      </DCPType>
    </GetFeatureInfo>
    <sld:DescribeLayer>
      <Format>text/xml</Format>
      <DCPType>
        <HTTP>
          <Get><OnlineResource xmlns:xlink="http://www.w3.org/1999/xlink" xlink:href="http://localhost/path/to/wms_simple?"/></Get>
          <Post><OnlineResource xmlns:xlink="http://www.w3.org/1999/xlink" xlink:href="http://localhost/path/to/wms_simple?"/></Post>
        </HTTP>
      </DCPType>
    </sld:DescribeLayer>
    <sld:GetLegendGraphic>
      <Format>image/png</Format>
      <Format>image/jpeg</Format>
      <Format>image/gif</Format>
      <Format>image/png; mode=8bit</Format>
      <DCPType>
        <HTTP>
          <Get><OnlineResource xmlns:xlink="http://www.w3.org/1999/xlink" xlink:href="http://localhost/path/to/wms_simple?"/></Get>
          <Post><OnlineResource xmlns:xlink="http://www.w3.org/1999/xlink" xlink:href="http://localhost/path/to/wms_simple?"/></Post>
        </HTTP>
      </DCPType>
    </sld:GetLegendGraphic>
    <ms:GetStyles>
      <Format>text/xml</Format>
      <DCPType>
        <HTTP>
          <Get><OnlineResource xmlns:xlink="http://www.w3.org/1999/xlink" xlink:href="http://localhost/path/to/wms_simple?"/></Get>
          <Post><OnlineResource xmlns:xlink="http://www.w3.org/1999/xlink" xlink:href="http://localhost/path/to/wms_simple?"/></Post>
        </HTTP>
      </DCPType>
    </ms:GetStyles>
  </Request>
  <Exception>
    <Format>XML</Format>
    <Format>INIMAGE</Format>
    <Format>BLANK</Format>
  </Exception>
  <sld:UserDefinedSymbolization SupportSLD="1" UserLayer="0" UserStyle="1" RemoteWFS="0" InlineFeature="0" RemoteWCS="0"/>
  <!-- WARNING: No WMS layers are enabled. Check wms/ows_enable_request settings. -->
</Capability>
</WMS_Capabilities>
