Content-type: application/vnd.ogc.se_xml

<?xml version='1.0' encoding="ISO-8859-1" standalone="no" ?>
<!DOCTYPE ServiceExceptionReport SYSTEM "http://ogc.dmsolutions.ca/wms/1.1.0/exception_1_1_0.dtd">
<ServiceExceptionReport version="1.1.0">
<ServiceException code="InvalidDimensionValue">
msWMSApplyTime: WMS server error. Time value(s) 2004-01-01 14:10:00,2004-12-12 14:10:00 given is invalid or outside the time extent defined (2004-01-01/2004-02-01).
</ServiceException>
</ServiceExceptionReport>
