Content-type: application/vnd.ogc.wms_xml

<?xml version='1.0' encoding="ISO-8859-1" standalone="no" ?>
<!DOCTYPE WMT_MS_Capabilities SYSTEM "http://ogc.dmsolutions.ca/wms/1.1.0/capabilities_1_1_0.dtd"
 [
 <!ELEMENT VendorSpecificCapabilities EMPTY>
 ]>  <!-- end of DOCTYPE declaration -->

<WMT_MS_Capabilities version="1.1.0">

<!-- MapServer version 4.7 OUTPUT=GIF OUTPUT=PNG OUTPUT=JPEG OUTPUT=WBMP OUTPUT=SVG SUPPORTS=PROJ SUPPORTS=FREETYPE SUPPORTS=WMS_SERVER SUPPORTS=WMS_CLIENT SUPPORTS=WFS_SERVER SUPPORTS=WFS_CLIENT SUPPORTS=WCS_SERVER SUPPORTS=FASTCGI SUPPORTS=THREADS INPUT=EPPL7 INPUT=POSTGIS INPUT=OGR INPUT=GDAL INPUT=SHAPEFILE DEBUG=MSDEBUG -->

<Service>
  <Name>OGC:WMS</Name>
  <Title>Test simple wms</Title>
  <OnlineResource xmlns:xlink="http://www.w3.org/1999/xlink" xlink:href="http://localhost/path/to/wms_simple?"/>
</Service>

<Capability>
  <Request>
    <GetCapabilities>
      <Format>application/vnd.ogc.wms_xml</Format>
      <DCPType>
        <HTTP>
          <Get><OnlineResource xmlns:xlink="http://www.w3.org/1999/xlink" xlink:href="http://localhost/path/to/wms_simple?"/></Get>
          <Post><OnlineResource xmlns:xlink="http://www.w3.org/1999/xlink" xlink:href="http://localhost/path/to/wms_simple?"/></Post>
        </HTTP>
      </DCPType>
    </GetCapabilities>
    <GetMap>
      <Format>image/png</Format>
      <Format>image/gif</Format>
      <Format>image/png; mode=24bit</Format>
      <Format>image/jpeg</Format>
      <Format>image/wbmp</Format>
      <Format>image/tiff</Format>
      <DCPType>
        <HTTP>
          <Get><OnlineResource xmlns:xlink="http://www.w3.org/1999/xlink" xlink:href="http://localhost/path/to/wms_simple?"/></Get>
          <Post><OnlineResource xmlns:xlink="http://www.w3.org/1999/xlink" xlink:href="http://localhost/path/to/wms_simple?"/></Post>
        </HTTP>
      </DCPType>
    </GetMap>
    <GetFeatureInfo>
      <Format>text/plain</Format>
      <Format>application/vnd.ogc.gml</Format>
      <DCPType>
        <HTTP>
          <Get><OnlineResource xmlns:xlink="http://www.w3.org/1999/xlink" xlink:href="http://localhost/path/to/wms_simple?"/></Get>
          <Post><OnlineResource xmlns:xlink="http://www.w3.org/1999/xlink" xlink:href="http://localhost/path/to/wms_simple?"/></Post>
        </HTTP>
      </DCPType>
    </GetFeatureInfo>
    <DescribeLayer>
      <Format>text/xml</Format>
      <DCPType>
        <HTTP>
          <Get><OnlineResource xmlns:xlink="http://www.w3.org/1999/xlink" xlink:href="http://localhost/path/to/wms_simple?"/></Get>
          <Post><OnlineResource xmlns:xlink="http://www.w3.org/1999/xlink" xlink:href="http://localhost/path/to/wms_simple?"/></Post>
        </HTTP>
      </DCPType>
    </DescribeLayer>
    <GetLegendGraphic>
      <Format>image/png</Format>
      <Format>image/gif</Format>
      <Format>image/png; mode=24bit</Format>
      <Format>image/jpeg</Format>
      <Format>image/wbmp</Format>
      <DCPType>
        <HTTP>
          <Get><OnlineResource xmlns:xlink="http://www.w3.org/1999/xlink" xlink:href="http://localhost/path/to/wms_simple?"/></Get>
          <Post><OnlineResource xmlns:xlink="http://www.w3.org/1999/xlink" xlink:href="http://localhost/path/to/wms_simple?"/></Post>
        </HTTP>
      </DCPType>
    </GetLegendGraphic>
  </Request>
  <Exception>
    <Format>application/vnd.ogc.se_xml</Format>
    <Format>application/vnd.ogc.se_inimage</Format>
    <Format>application/vnd.ogc.se_blank</Format>
  </Exception>
  <VendorSpecificCapabilities />
  <UserDefinedSymbolization SupportSLD="1" UserLayer="0" UserStyle="1" RemoteWFS="0"/>
  <Layer>
    <Name>WMS_TEST</Name>
    <Title>Test simple wms</Title>
    <SRS>EPSG:42304 EPSG:42101 EPSG:4269 EPSG:4326</SRS>
    <LatLonBoundingBox minx="-69.3381" miny="38.6757" maxx="-50.1471" maxy="50.514" />
    <Layer queryable="0" opaque="0" cascaded="0">
        <Name>road</Name>
        <Title>road</Title>
        <LatLonBoundingBox minx="-66.6333" miny="42.3821" maxx="-59.2921" maxy="48.2955" />
        <Style>
          <Name>default</Name>
          <Title>default</Title>
          <LegendURL width="20" height="10">
             <Format>image/png</Format>
             <OnlineResource xmlns:xlink="http://www.w3.org/1999/xlink" xlink:type="simple" xlink:href="http://localhost/path/to/wms_simple?version=1.1.1&amp;service=WMS&amp;request=GetLegendGraphic&amp;layer=road&amp;format=image/png"/>
          </LegendURL>
        </Style>
    </Layer>
  </Layer>
</Capability>
</WMT_MS_Capabilities>
