Content-type: text/html

<?xml version="1.0" encoding="iso-8859-1"?>
<!DOCTYPE html PUBLIC "-//W3C//DTD XHTML 1.0 Strict//EN" "http://www.w3.org/TR/xhtml1/DTD/xhtml1-strict.dtd">
<html xmlns="http://www.w3.org/1999/xhtml" xml:lang="en" lang="en">
        <head>
                <meta http-equiv="Content-Type" content="text/html;charset=iso-8859-1" />
                <meta http-equiv="Content-Style-Type" content="text/css" />
                <meta http-equiv="pragma" content="no-cache"/>
                <meta http-equiv="Expires" content="Thu, 01 Dec 1994 120000 GMT"/>
				<link rel="stylesheet" media="all" href="/ms_ogc_workshop/demo.css" type="text/css"/>
                <title>Query Results</title>
        </head>
        <body>
                <table class="centered" border="0">
                        <tr>
                                <td>Query Details</td>
                        </tr>
                </table>

                <hr/>

                <table class="centered" border="1">
                        <tr>
                                <th>Bounding box</th>
                                <td>-179.640000,-179.640000,179.640000,179.640000</td>
                        </tr>
                        <tr>
                                <th>Image Coordinates</th>
                                <td>141, 91</td>
                        </tr>
                        <tr>
                                <th>Map Coordinates</th>
                                <td>-78.323040, 35.282000</td>
                        </tr>
                        <tr>
                                <th>Number of results</th>
                                <td>1</td>
                        </tr>
                        <tr>
                                <th>Scale</th>
                                <td>565834182.163200</td>
                        </tr>
                        <tr>
                                <th>Cellsize</th>
                                <td>1.796400</td>
                        </tr>
                </table>

                <hr/>
		<table class="centered" border="0">
			<tr>
				<td>Query Results for Layer rivers</td>
			</tr>
		</table>
		<hr/>
		<table class="centered" border="1">
			<tr>
				<th>Result</th>
				<th>Name</th>
				<th>System</th>
			</tr>
			<tr>
				<td>1</td>
				<td>Ohio</td>
				<td>Mississippi</td>
			</tr>
                </table>
				<hr/>
                <table class="centered" cellpadding="3" cellspacing="0" border="0">
                        <tr>
                                <td><img src="/cgi-bin/mapserv.exe?map=tomk_workshop.map&amp;mode=querymap&amp;img.x=141&amp;img.y=91&amp;imgext=-180 -90 180 90&amp;layer=land_shallow_topo_2048&amp;" width="400" height="300" alt="Querymap" title="Querymap"/></td>
                        </tr>
                        <tr>
                                <th colspan="2" align="center">standard querymap</th>
                        </tr>
                </table>
                <hr/>
                <p>
                        <a href="http://validator.w3.org/check?uri=referer" title="[ Valid XHTML 1.0! ]"><img class="flat" src="http://www.w3.org/Icons/valid-xhtml10" alt="[ Valid XHTML 1.0! ]" height="31" width="88"/></a>
                        <a href="http://jigsaw.w3.org/css-validator/check/referer" title="[ Valid CSS! ]"><img class="flat" src="http://jigsaw.w3.org/css-validator/images/vcss" alt="[ Valid CSS! ]" height="31" width="88"/></a>
                </p>
        </body>
</html>