Content-type: text/xml

<StyledLayerDescriptor version="1.1.0" xsi:schemaLocation="http://www.opengis.net/sld http://schemas.opengis.net/sld/1.1.0/StyledLayerDescriptor.xsd" xmlns="http://www.opengis.net/sld" xmlns:ogc="http://www.opengis.net/ogc" xmlns:se="http://www.opengis.net/se" xmlns:xlink="http://www.w3.org/1999/xlink" xmlns:xsi="http://www.w3.org/2001/XMLSchema-instance">
<NamedLayer>
<se:Name>road</se:Name>
<UserStyle>
<se:FeatureTypeStyle>
<se:Rule>
<se:Name>Roads</se:Name>
<se:LineSymbolizer>
<se:Stroke>
<se:SvgParameter name="stroke">#dc0000</se:SvgParameter>
<se:SvgParameter name="stroke-width">1.00</se:SvgParameter>
</se:Stroke>
</se:LineSymbolizer>
</se:Rule>
</se:FeatureTypeStyle>
</UserStyle>
</NamedLayer>
</StyledLayerDescriptor>

