<HTML>
<HEAD><TITLE>MapServer Message</TITLE></HEAD>
<!-- MapServer version 6.0.0-beta1 OUTPUT=GIF OUTPUT=PNG OUTPUT=JPEG SUPPORTS=PROJ SUPPORTS=AGG SUPPORTS=FREETYPE SUPPORTS=ICONV SUPPORTS=WMS_SERVER INPUT=GDAL INPUT=SHAPEFILE -->
<BODY BGCOLOR="#FFFFFF">
msDrawMap(): Image handling error. Failed to draw layer named &#39;layer3&#39;.
msShapefileOpen(): Unable to access file. (/Users/sdlime/dev/msautotest/misc/./../query/data/%name3%)
msShapefileOpen(): Unable to access file. (/Users/sdlime/dev/msautotest/misc/./../query/data/%name3%)
msValidateParameter(): Regular expression error. Parameter pattern validation failed.
msEvalRegex(): Regular expression error. String failed expression test.
</BODY></HTML>